Component: ARM Compiler 5.06 update 6 (build 750) Tool: armlink [4d35ed]

==============================================================================

Section Cross References

    startup_stm32f103xb.o(RESET) refers to startup_stm32f103xb.o(STACK) for __initial_sp
    startup_stm32f103xb.o(RESET) refers to startup_stm32f103xb.o(.text) for Reset_Handler
    startup_stm32f103xb.o(RESET) refers to stm32f1xx_it.o(i.NMI_Handler) for NMI_Handler
    startup_stm32f103xb.o(RESET) refers to stm32f1xx_it.o(i.HardFault_Handler) for HardFault_Handler
    startup_stm32f103xb.o(RESET) refers to stm32f1xx_it.o(i.MemManage_Handler) for MemManage_Handler
    startup_stm32f103xb.o(RESET) refers to stm32f1xx_it.o(i.BusFault_Handler) for BusFault_Handler
    startup_stm32f103xb.o(RESET) refers to stm32f1xx_it.o(i.UsageFault_Handler) for UsageFault_Handler
    startup_stm32f103xb.o(RESET) refers to stm32f1xx_it.o(i.SVC_Handler) for SVC_Handler
    startup_stm32f103xb.o(RESET) refers to stm32f1xx_it.o(i.DebugMon_Handler) for DebugMon_Handler
    startup_stm32f103xb.o(RESET) refers to stm32f1xx_it.o(i.PendSV_Handler) for PendSV_Handler
    startup_stm32f103xb.o(RESET) refers to stm32f1xx_it.o(i.SysTick_Handler) for SysTick_Handler
    startup_stm32f103xb.o(RESET) refers to stm32f1xx_it.o(i.USB_LP_CAN1_RX0_IRQHandler) for USB_LP_CAN1_RX0_IRQHandler
    startup_stm32f103xb.o(RESET) refers to stm32f1xx_it.o(i.TIM2_IRQHandler) for TIM2_IRQHandler
    startup_stm32f103xb.o(.text) refers to system_stm32f1xx.o(i.SystemInit) for SystemInit
    startup_stm32f103xb.o(.text) refers to entry.o(.ARM.Collect$$$$00000000) for __main
    hemgfx.o(i._Z6f_sined) refers to cdrcmple.o(.text) for __aeabi_cdrcmple
    hemgfx.o(i._Z6f_sined) refers to ddiv.o(.text) for __aeabi_ddiv
    hemgfx.o(i._Z6f_sined) refers to dfixi.o(.text) for __aeabi_d2iz
    hemgfx.o(i._Z6f_sined) refers to dflti.o(.text) for __aeabi_i2d
    hemgfx.o(i._Z6f_sined) refers to dmul.o(.text) for __aeabi_dmul
    hemgfx.o(i._Z6f_sined) refers to dadd.o(.text) for __aeabi_drsub
    hemgfx.o(i._Z6f_sined) refers to cdcmple.o(.text) for __aeabi_cdcmple
    hemgfx.o(i._ZN6HemGfx10switchBuffEb) refers to hemgfx.o(i._ZN6HemGfx8setPixelEhht) for HemGfx::setPixel(unsigned char, unsigned char, unsigned short)
    hemgfx.o(i._ZN6HemGfx11clearScreenEv) refers to hemgfx.o(i._ZN6HemGfx8setPixelEhht) for HemGfx::setPixel(unsigned char, unsigned char, unsigned short)
    hemgfx.o(i._ZN6HemGfx4WaveEv) refers to malloc.o(i.malloc) for malloc
    hemgfx.o(i._ZN6HemGfx4WaveEv) refers to dfltui.o(.text) for __aeabi_ui2d
    hemgfx.o(i._ZN6HemGfx4WaveEv) refers to dscalb.o(.text) for __ARM_scalbn
    hemgfx.o(i._ZN6HemGfx4WaveEv) refers to dadd.o(.text) for __aeabi_dadd
    hemgfx.o(i._ZN6HemGfx4WaveEv) refers to hemgfx.o(i._Z6f_sined) for f_sine(double)
    hemgfx.o(i._ZN6HemGfx4WaveEv) refers to dmul.o(.text) for __aeabi_dmul
    hemgfx.o(i._ZN6HemGfx4WaveEv) refers to dfixui.o(.text) for __aeabi_d2uiz
    hemgfx.o(i._ZN6HemGfx4WaveEv) refers to ddiv.o(.text) for __aeabi_ddiv
    hemgfx.o(i._ZN6HemGfx4WaveEv) refers to hemgfx.o(i._ZN6HemGfx8setPixelEhht) for HemGfx::setPixel(unsigned char, unsigned char, unsigned short)
    hemgfx.o(i._ZN6HemGfx4WaveEv) refers to malloc.o(i.free) for free
    hemgfx.o(i._ZN6HemGfx9drawImageEPtttss) refers to hemgfx.o(i._ZN6HemGfx8setPixelEhht) for HemGfx::setPixel(unsigned char, unsigned char, unsigned short)
    hemgfx.o(i._ZN6HemGfxC1EhhPtS0_) refers to hemgfx.o(i._ZN6HemGfx11clearScreenEv) for HemGfx::clearScreen()
    hemgfx.o(.ARM.exidx) refers to hemgfx.o(i._Z6f_sined) for i._Z6f_sined
    hemgfx.o(.ARM.exidx) refers to hemgfx.o(i._ZN6HemGfx8getReadyEv) for i._ZN6HemGfx8getReadyEv
    hemgfx.o(.ARM.exidx) refers to hemgfx.o(i._ZN6HemGfx8setPixelEhht) for i._ZN6HemGfx8setPixelEhht
    hemgfx.o(.ARM.exidx) refers to hemgfx.o(i._ZN6HemGfx11clearScreenEv) for i._ZN6HemGfx11clearScreenEv
    hemgfx.o(.ARM.exidx) refers to hemgfx.o(i._ZN6HemGfxC1EhhPtS0_) for i._ZN6HemGfxC1EhhPtS0_
    hemgfx.o(.ARM.exidx) refers to hemgfx.o(i._ZN6HemGfx9drawImageEPtttss) for i._ZN6HemGfx9drawImageEPtttss
    hemgfx.o(.ARM.exidx) refers to hemgfx.o(i._ZN6HemGfx4WaveEv) for i._ZN6HemGfx4WaveEv
    hemgfx.o(.ARM.exidx) refers to hemgfx.o(i._ZN6HemGfx11PerlinNoiseEv) for i._ZN6HemGfx11PerlinNoiseEv
    hemgfx.o(.ARM.exidx) refers to hemgfx.o(i._ZN6HemGfx10switchBuffEb) for i._ZN6HemGfx10switchBuffEb
    hemgfx.o(.ARM.exidx) refers to hemgfx.o(i._ZN6HemGfx9getBufferEv) for i._ZN6HemGfx9getBufferEv
    hemgfxwrapper.o(i.HemClearScreen) refers to hemgfx.o(i._ZN6HemGfx11clearScreenEv) for HemGfx::clearScreen()
    hemgfxwrapper.o(i.HemGetBuffer) refers to hemgfx.o(i._ZN6HemGfx9getBufferEv) for HemGfx::getBuffer()
    hemgfxwrapper.o(i.HemGetReady) refers to hemgfx.o(i._ZN6HemGfx8getReadyEv) for HemGfx::getReady()
[...]
    ..\Drivers\STM32F1xx_HAL_Driver\Src\stm32f1xx_hal_spi.c 0x00000000   Number         0  stm32f1xx_hal_spi.o ABSOLUTE
    ..\Drivers\STM32F1xx_HAL_Driver\Src\stm32f1xx_hal_spi_ex.c 0x00000000   Number         0  stm32f1xx_hal_spi_ex.o ABSOLUTE
    ..\Drivers\STM32F1xx_HAL_Driver\Src\stm32f1xx_hal_tim.c 0x00000000   Number         0  stm32f1xx_hal_tim.o ABSOLUTE
    ..\Drivers\STM32F1xx_HAL_Driver\Src\stm32f1xx_hal_tim_ex.c 0x00000000   Number         0  stm32f1xx_hal_tim_ex.o ABSOLUTE
    ..\Drivers\STM32F1xx_HAL_Driver\Src\stm32f1xx_ll_usb.c 0x00000000   Number         0  stm32f1xx_ll_usb.o ABSOLUTE
    ..\Middlewares\ST\STM32_USB_Device_Library\Class\CDC\Src\usbd_cdc.c 0x00000000   Number         0  usbd_cdc.o ABSOLUTE
    ..\Middlewares\ST\STM32_USB_Device_Library\Core\Src\usbd_core.c 0x00000000   Number         0  usbd_core.o ABSOLUTE
    ..\Middlewares\ST\STM32_USB_Device_Library\Core\Src\usbd_ctlreq.c 0x00000000   Number         0  usbd_ctlreq.o ABSOLUTE
    ..\Middlewares\ST\STM32_USB_Device_Library\Core\Src\usbd_ioreq.c 0x00000000   Number         0  usbd_ioreq.o ABSOLUTE
    ..\Src\main.c                            0x00000000   Number         0  main.o ABSOLUTE
    ..\Src\stm32f1xx_hal_msp.c               0x00000000   Number         0  stm32f1xx_hal_msp.o ABSOLUTE
    ..\Src\stm32f1xx_it.c                    0x00000000   Number         0  stm32f1xx_it.o ABSOLUTE
    ..\Src\system_stm32f1xx.c                0x00000000   Number         0  system_stm32f1xx.o ABSOLUTE
    ..\Src\usb_device.c                      0x00000000   Number         0  usb_device.o ABSOLUTE
    ..\Src\usbd_cdc_if.c                     0x00000000   Number         0  usbd_cdc_if.o ABSOLUTE
    ..\Src\usbd_conf.c                       0x00000000   Number         0  usbd_conf.o ABSOLUTE
    ..\Src\usbd_desc.c                       0x00000000   Number         0  usbd_desc.o ABSOLUTE
    HemGfx.cpp                               0x00000000   Number         0  hemgfx.o ABSOLUTE
    HemGfxWrapper.cpp                        0x00000000   Number         0  hemgfxwrapper.o ABSOLUTE
    cdcmple.s                                0x00000000   Number         0  cdcmple.o ABSOLUTE
    cdrcmple.s                               0x00000000   Number         0  cdrcmple.o ABSOLUTE
    dc.s                                     0x00000000   Number         0  dc.o ABSOLUTE
    handlers.s                               0x00000000   Number         0  handlers.o ABSOLUTE
    init.s                                   0x00000000   Number         0  init.o ABSOLUTE
    startup_stm32f103xb.s                    0x00000000   Number         0  startup_stm32f103xb.o ABSOLUTE
    RESET                                    0x08000000   Section      236  startup_stm32f103xb.o(RESET)
    .ARM.Collect$$$$00000000                 0x080000ec   Section        0  entry.o(.ARM.Collect$$$$00000000)
    .ARM.Collect$$$$00000001                 0x080000ec   Section        4  entry2.o(.ARM.Collect$$$$00000001)
    .ARM.Collect$$$$00000004                 0x080000f0   Section        4  entry5.o(.ARM.Collect$$$$00000004)
    .ARM.Collect$$$$00000008                 0x080000f4   Section        0  entry7b.o(.ARM.Collect$$$$00000008)
    .ARM.Collect$$$$0000000A                 0x080000f4   Section        0  entry8b.o(.ARM.Collect$$$$0000000A)
    .ARM.Collect$$$$0000000B                 0x080000f4   Section        8  entry9a.o(.ARM.Collect$$$$0000000B)
    .ARM.Collect$$$$0000000D                 0x080000fc   Section        0  entry10a.o(.ARM.Collect$$$$0000000D)
    .ARM.Collect$$$$0000000F                 0x080000fc   Section        0  entry11a.o(.ARM.Collect$$$$0000000F)
    .ARM.Collect$$$$00002712                 0x080000fc   Section        4  entry2.o(.ARM.Collect$$$$00002712)
    __lit__00000000                          0x080000fc   Data           4  entry2.o(.ARM.Collect$$$$00002712)
    .text                                    0x08000100   Section       36  startup_stm32f103xb.o(.text)
    .text                                    0x08000124   Section        0  memcpya.o(.text)
    .text                                    0x08000148   Section        0  memseta.o(.text)
    .text                                    0x0800016c   Section        0  arm_newhandler_noexceptions.o(.text)
    .text                                    0x08000170   Section        0  cpp_memory.o(.text)
    .text                                    0x08000184   Section        0  arm_exceptions_terminate.o(.text)
    .text                                    0x080001a0   Section       36  init.o(.text)
    .text                                    0x080001c4   Section        0  arm_exceptions_globs.o(.text)
    [local to arm_exceptions_c]::__default_terminate_handler() 0x080001c5   Thumb Code     6  arm_exceptions_globs.o(.text)
    .text                                    0x08000214   Section        0  arm_exceptions_mem.o(.text)
    .text                                    0x08000250   Section        0  __dczerorl2.o(.text)
    i.BusFault_Handler                       0x080002a6   Section        0  stm32f1xx_it.o(i.BusFault_Handler)
    i.CDC_Control_FS                         0x080002a8   Section        0  usbd_cdc_if.o(i.CDC_Control_FS)
    CDC_Control_FS                           0x080002a9   Thumb Code     4  usbd_cdc_if.o(i.CDC_Control_FS)
    i.CDC_DeInit_FS                          0x080002ac   Section        0  usbd_cdc_if.o(i.CDC_DeInit_FS)
    CDC_DeInit_FS                            0x080002ad   Thumb Code     4  usbd_cdc_if.o(i.CDC_DeInit_FS)
    i.CDC_Init_FS                            0x080002b0   Section        0  usbd_cdc_if.o(i.CDC_Init_FS)
    CDC_Init_FS                              0x080002b1   Thumb Code    24  usbd_cdc_if.o(i.CDC_Init_FS)
    i.CDC_Receive_FS                         0x080002d4   Section        0  usbd_cdc_if.o(i.CDC_Receive_FS)
    CDC_Receive_FS                           0x080002d5   Thumb Code    20  usbd_cdc_if.o(i.CDC_Receive_FS)
    i.DebugMon_Handler                       0x080002ec   Section        0  stm32f1xx_it.o(i.DebugMon_Handler)
    i.Error_Handler                          0x080002ee   Section        0  main.o(i.Error_Handler)
    i.HAL_Delay                              0x080002f0   Section        0  stm32f1xx_hal.o(i.HAL_Delay)
    i.HAL_GPIO_Init                          0x08000314   Section        0  stm32f1xx_hal_gpio.o(i.HAL_GPIO_Init)
    i.HAL_GPIO_TogglePin                     0x080004d0   Section        0  stm32f1xx_hal_gpio.o(i.HAL_GPIO_TogglePin)
    i.HAL_GPIO_WritePin                      0x080004d8   Section        0  stm32f1xx_hal_gpio.o(i.HAL_GPIO_WritePin)
    i.HAL_GetTick                            0x080004e4   Section        0  stm32f1xx_hal.o(i.HAL_GetTick)
    i.HAL_IncTick                            0x080004f0   Section        0  stm32f1xx_hal.o(i.HAL_IncTick)
    i.HAL_Init                               0x08000500   Section        0  stm32f1xx_hal.o(i.HAL_Init)
    i.HAL_InitTick                           0x08000524   Section        0  stm32f1xx_hal.o(i.HAL_InitTick)
    i.HAL_MspInit                            0x08000564   Section        0  stm32f1xx_hal_msp.o(i.HAL_MspInit)
    i.HAL_NVIC_EnableIRQ                     0x080005a0   Section        0  stm32f1xx_hal_cortex.o(i.HAL_NVIC_EnableIRQ)
    i.HAL_NVIC_SetPriority                   0x080005b8   Section        0  stm32f1xx_hal_cortex.o(i.HAL_NVIC_SetPriority)
    i.HAL_NVIC_SetPriorityGrouping           0x080005f8   Section        0  stm32f1xx_hal_cortex.o(i.HAL_NVIC_SetPriorityGrouping)
    i.HAL_PCDEx_PMAConfig                    0x0800061c   Section        0  stm32f1xx_hal_pcd_ex.o(i.HAL_PCDEx_PMAConfig)
    i.HAL_PCDEx_SetConnectionState           0x08000650   Section        0  usbd_conf.o(i.HAL_PCDEx_SetConnectionState)
    i.HAL_PCD_DataInStageCallback            0x08000652   Section        0  usbd_conf.o(i.HAL_PCD_DataInStageCallback)
    i.HAL_PCD_DataOutStageCallback           0x08000660   Section        0  usbd_conf.o(i.HAL_PCD_DataOutStageCallback)
    i.HAL_PCD_EP_Close                       0x08000670   Section        0  stm32f1xx_hal_pcd.o(i.HAL_PCD_EP_Close)
    i.HAL_PCD_EP_ClrStall                    0x080006b0   Section        0  stm32f1xx_hal_pcd.o(i.HAL_PCD_EP_ClrStall)
    i.HAL_PCD_EP_GetRxCount                  0x080006f8   Section        0  stm32f1xx_hal_pcd.o(i.HAL_PCD_EP_GetRxCount)
    i.HAL_PCD_EP_Open                        0x08000708   Section        0  stm32f1xx_hal_pcd.o(i.HAL_PCD_EP_Open)
    i.HAL_PCD_EP_Receive                     0x0800074c   Section        0  stm32f1xx_hal_pcd.o(i.HAL_PCD_EP_Receive)
    i.HAL_PCD_EP_SetStall                    0x0800077a   Section        0  stm32f1xx_hal_pcd.o(i.HAL_PCD_EP_SetStall)
    i.HAL_PCD_EP_Transmit                    0x080007d0   Section        0  stm32f1xx_hal_pcd.o(i.HAL_PCD_EP_Transmit)
    i.HAL_PCD_IRQHandler                     0x080007fa   Section        0  stm32f1xx_hal_pcd.o(i.HAL_PCD_IRQHandler)
    i.HAL_PCD_Init                           0x08000908   Section        0  stm32f1xx_hal_pcd.o(i.HAL_PCD_Init)
    i.HAL_PCD_MspInit                        0x080009c8   Section        0  usbd_conf.o(i.HAL_PCD_MspInit)
    i.HAL_PCD_ResetCallback                  0x08000a04   Section        0  usbd_conf.o(i.HAL_PCD_ResetCallback)
    i.HAL_PCD_ResumeCallback                 0x08000a2a   Section        0  usbd_conf.o(i.HAL_PCD_ResumeCallback)
    i.HAL_PCD_SOFCallback                    0x08000a32   Section        0  usbd_conf.o(i.HAL_PCD_SOFCallback)
    i.HAL_PCD_SetAddress                     0x08000a3a   Section        0  stm32f1xx_hal_pcd.o(i.HAL_PCD_SetAddress)
    i.HAL_PCD_SetupStageCallback             0x08000a62   Section        0  usbd_conf.o(i.HAL_PCD_SetupStageCallback)
    i.HAL_PCD_Start                          0x08000a70   Section        0  stm32f1xx_hal_pcd.o(i.HAL_PCD_Start)
    i.HAL_PCD_SuspendCallback                0x08000aa4   Section        0  usbd_conf.o(i.HAL_PCD_SuspendCallback)
    i.HAL_RCCEx_PeriphCLKConfig              0x08000ac8   Section        0  stm32f1xx_hal_rcc_ex.o(i.HAL_RCCEx_PeriphCLKConfig)
    i.HAL_RCC_ClockConfig                    0x08000bb4   Section        0  stm32f1xx_hal_rcc.o(i.HAL_RCC_ClockConfig)
    i.HAL_RCC_GetSysClockFreq                0x08000d20   Section        0  stm32f1xx_hal_rcc.o(i.HAL_RCC_GetSysClockFreq)
    i.HAL_RCC_OscConfig                      0x08000d8c   Section        0  stm32f1xx_hal_rcc.o(i.HAL_RCC_OscConfig)
    i.HAL_SPI_Init                           0x08001090   Section        0  stm32f1xx_hal_spi_ex.o(i.HAL_SPI_Init)
    i.HAL_SPI_MspInit                        0x08001114   Section        0  stm32f1xx_hal_msp.o(i.HAL_SPI_MspInit)
    i.HAL_SYSTICK_Config                     0x0800116c   Section        0  stm32f1xx_hal_cortex.o(i.HAL_SYSTICK_Config)
    i.HAL_TIMEx_BreakCallback                0x08001194   Section        0  stm32f1xx_hal_tim_ex.o(i.HAL_TIMEx_BreakCallback)
    i.HAL_TIMEx_CommutationCallback          0x08001196   Section        0  stm32f1xx_hal_tim_ex.o(i.HAL_TIMEx_CommutationCallback)
    i.HAL_TIMEx_MasterConfigSynchronization  0x08001198   Section        0  stm32f1xx_hal_tim_ex.o(i.HAL_TIMEx_MasterConfigSynchronization)
    i.HAL_TIM_Base_Init                      0x080011e8   Section        0  stm32f1xx_hal_tim.o(i.HAL_TIM_Base_Init)
    i.HAL_TIM_Base_MspInit                   0x08001220   Section        0  stm32f1xx_hal_msp.o(i.HAL_TIM_Base_MspInit)
    i.HAL_TIM_Base_Start_IT                  0x08001258   Section        0  stm32f1xx_hal_tim.o(i.HAL_TIM_Base_Start_IT)
    i.HAL_TIM_ConfigClockSource              0x08001270   Section        0  stm32f1xx_hal_tim.o(i.HAL_TIM_ConfigClockSource)
    i.HAL_TIM_IC_CaptureCallback             0x08001362   Section        0  stm32f1xx_hal_tim.o(i.HAL_TIM_IC_CaptureCallback)
    i.HAL_TIM_IRQHandler                     0x08001364   Section        0  stm32f1xx_hal_tim.o(i.HAL_TIM_IRQHandler)
    i.HAL_TIM_OC_DelayElapsedCallback        0x080014ca   Section        0  stm32f1xx_hal_tim.o(i.HAL_TIM_OC_DelayElapsedCallback)
    i.HAL_TIM_PWM_PulseFinishedCallback      0x080014cc   Section        0  stm32f1xx_hal_tim.o(i.HAL_TIM_PWM_PulseFinishedCallback)
    i.HAL_TIM_PeriodElapsedCallback          0x080014d0   Section        0  main.o(i.HAL_TIM_PeriodElapsedCallback)
    i.HAL_TIM_TriggerCallback                0x080014e0   Section        0  stm32f1xx_hal_tim.o(i.HAL_TIM_TriggerCallback)
    i.HardFault_Handler                      0x080014e2   Section        0  stm32f1xx_it.o(i.HardFault_Handler)
    i.HemClearScreen                         0x080014e4   Section        0  hemgfxwrapper.o(i.HemClearScreen)
    i.HemGetBuffer                           0x080014f0   Section        0  hemgfxwrapper.o(i.HemGetBuffer)
    i.HemSwitchBuff                          0x080014fc   Section        0  hemgfxwrapper.o(i.HemSwitchBuff)
    i.HemWriteImage                          0x08001508   Section        0  main.o(i.HemWriteImage)
    i.HemdrawImage                           0x08001524   Section        0  hemgfxwrapper.o(i.HemdrawImage)
    i.IntToUnicode                           0x0800153c   Section        0  usbd_desc.o(i.IntToUnicode)
    IntToUnicode                             0x0800153d   Thumb Code    56  usbd_desc.o(i.IntToUnicode)
    i.MX_GPIO_Init                           0x08001574   Section        0  main.o(i.MX_GPIO_Init)
    MX_GPIO_Init                             0x08001575   Thumb Code   192  main.o(i.MX_GPIO_Init)
    i.MX_SPI2_Init                           0x08001644   Section        0  main.o(i.MX_SPI2_Init)
    MX_SPI2_Init                             0x08001645   Thumb Code    42  main.o(i.MX_SPI2_Init)
    i.MX_TIM2_Init                           0x08001678   Section        0  main.o(i.MX_TIM2_Init)
    MX_TIM2_Init                             0x08001679   Thumb Code    76  main.o(i.MX_TIM2_Init)
    i.MX_USB_DEVICE_Init                     0x080016c8   Section        0  usb_device.o(i.MX_USB_DEVICE_Init)
    i.MemManage_Handler                      0x0800171c   Section        0  stm32f1xx_it.o(i.MemManage_Handler)
    i.NMI_Handler                            0x0800171e   Section        0  stm32f1xx_it.o(i.NMI_Handler)
    i.NVIC_SetPriority                       0x08001720   Section        0  stm32f1xx_hal_cortex.o(i.NVIC_SetPriority)
    NVIC_SetPriority                         0x08001721   Thumb Code    32  stm32f1xx_hal_cortex.o(i.NVIC_SetPriority)
    i.PCD_EP_ISR_Handler                     0x08001740   Section        0  stm32f1xx_hal_pcd.o(i.PCD_EP_ISR_Handler)
    PCD_EP_ISR_Handler                       0x08001741   Thumb Code   866  stm32f1xx_hal_pcd.o(i.PCD_EP_ISR_Handler)
    i.PendSV_Handler                         0x08001aa2   Section        0  stm32f1xx_it.o(i.PendSV_Handler)
    i.SVC_Handler                            0x08001aa4   Section        0  stm32f1xx_it.o(i.SVC_Handler)
    i.SwitchBuffer                           0x08001aa8   Section        0  main.o(i.SwitchBuffer)
    i.SysTick_Handler                        0x08001abc   Section        0  stm32f1xx_it.o(i.SysTick_Handler)
    i.SystemClock_Config                     0x08001ac0   Section        0  main.o(i.SystemClock_Config)
    i.SystemInit                             0x08001b20   Section        0  system_stm32f1xx.o(i.SystemInit)
    i.TIM2_IRQHandler                        0x08001b68   Section        0  stm32f1xx_it.o(i.TIM2_IRQHandler)
    i.TIM_Base_SetConfig                     0x08001b74   Section        0  stm32f1xx_hal_tim.o(i.TIM_Base_SetConfig)
    i.TIM_ETR_SetConfig                      0x08001be0   Section        0  stm32f1xx_hal_tim.o(i.TIM_ETR_SetConfig)
    TIM_ETR_SetConfig                        0x08001be1   Thumb Code    20  stm32f1xx_hal_tim.o(i.TIM_ETR_SetConfig)
    i.TIM_ITRx_SetConfig                     0x08001bf4   Section        0  stm32f1xx_hal_tim.o(i.TIM_ITRx_SetConfig)
    TIM_ITRx_SetConfig                       0x08001bf5   Thumb Code    16  stm32f1xx_hal_tim.o(i.TIM_ITRx_SetConfig)
    i.TIM_TI1_ConfigInputStage               0x08001c04   Section        0  stm32f1xx_hal_tim.o(i.TIM_TI1_ConfigInputStage)
    TIM_TI1_ConfigInputStage                 0x08001c05   Thumb Code    34  stm32f1xx_hal_tim.o(i.TIM_TI1_ConfigInputStage)
    i.TIM_TI2_ConfigInputStage               0x08001c26   Section        0  stm32f1xx_hal_tim.o(i.TIM_TI2_ConfigInputStage)
    TIM_TI2_ConfigInputStage                 0x08001c27   Thumb Code    36  stm32f1xx_hal_tim.o(i.TIM_TI2_ConfigInputStage)
    i.USBD_CDC_DataIn                        0x08001c4a   Section        0  usbd_cdc.o(i.USBD_CDC_DataIn)
    USBD_CDC_DataIn                          0x08001c4b   Thumb Code    20  usbd_cdc.o(i.USBD_CDC_DataIn)
    i.USBD_CDC_DataOut                       0x08001c5e   Section        0  usbd_cdc.o(i.USBD_CDC_DataOut)
    USBD_CDC_DataOut                         0x08001c5f   Thumb Code    46  usbd_cdc.o(i.USBD_CDC_DataOut)
    i.USBD_CDC_DeInit                        0x08001c8c   Section        0  usbd_cdc.o(i.USBD_CDC_DeInit)
    USBD_CDC_DeInit                          0x08001c8d   Thumb Code    60  usbd_cdc.o(i.USBD_CDC_DeInit)
    i.USBD_CDC_EP0_RxReady                   0x08001cc8   Section        0  usbd_cdc.o(i.USBD_CDC_EP0_RxReady)
    USBD_CDC_EP0_RxReady                     0x08001cc9   Thumb Code    36  usbd_cdc.o(i.USBD_CDC_EP0_RxReady)
    i.USBD_CDC_GetDeviceQualifierDescriptor  0x08001cec   Section        0  usbd_cdc.o(i.USBD_CDC_GetDeviceQualifierDescriptor)
    i.USBD_CDC_GetFSCfgDesc                  0x08001cf8   Section        0  usbd_cdc.o(i.USBD_CDC_GetFSCfgDesc)
    USBD_CDC_GetFSCfgDesc                    0x08001cf9   Thumb Code     8  usbd_cdc.o(i.USBD_CDC_GetFSCfgDesc)
    i.USBD_CDC_GetHSCfgDesc                  0x08001d04   Section        0  usbd_cdc.o(i.USBD_CDC_GetHSCfgDesc)
    USBD_CDC_GetHSCfgDesc                    0x08001d05   Thumb Code     8  usbd_cdc.o(i.USBD_CDC_GetHSCfgDesc)
    i.USBD_CDC_GetOtherSpeedCfgDesc          0x08001d10   Section        0  usbd_cdc.o(i.USBD_CDC_GetOtherSpeedCfgDesc)
    USBD_CDC_GetOtherSpeedCfgDesc            0x08001d11   Thumb Code     8  usbd_cdc.o(i.USBD_CDC_GetOtherSpeedCfgDesc)
    i.USBD_CDC_Init                          0x08001d1c   Section        0  usbd_cdc.o(i.USBD_CDC_Init)
    USBD_CDC_Init                            0x08001d1d   Thumb Code   136  usbd_cdc.o(i.USBD_CDC_Init)
    i.USBD_CDC_ReceivePacket                 0x08001da4   Section        0  usbd_cdc.o(i.USBD_CDC_ReceivePacket)
    i.USBD_CDC_RegisterInterface             0x08001dcc   Section        0  usbd_cdc.o(i.USBD_CDC_RegisterInterface)
    i.USBD_CDC_SetRxBuffer                   0x08001ddc   Section        0  usbd_cdc.o(i.USBD_CDC_SetRxBuffer)
    i.USBD_CDC_SetTxBuffer                   0x08001de8   Section        0  usbd_cdc.o(i.USBD_CDC_SetTxBuffer)
    i.USBD_CDC_Setup                         0x08001df8   Section        0  usbd_cdc.o(i.USBD_CDC_Setup)
    USBD_CDC_Setup                           0x08001df9   Thumb Code   106  usbd_cdc.o(i.USBD_CDC_Setup)
    i.USBD_ClrClassConfig                    0x08001e68   Section        0  usbd_core.o(i.USBD_ClrClassConfig)
    i.USBD_CtlContinueRx                     0x08001e76   Section        0  usbd_ioreq.o(i.USBD_CtlContinueRx)
    i.USBD_CtlContinueSendData               0x08001e86   Section        0  usbd_ioreq.o(i.USBD_CtlContinueSendData)
    i.USBD_CtlError                          0x08001e96   Section        0  usbd_ctlreq.o(i.USBD_CtlError)
    i.USBD_CtlPrepareRx                      0x08001eac   Section        0  usbd_ioreq.o(i.USBD_CtlPrepareRx)
    i.USBD_CtlReceiveStatus                  0x08001eca   Section        0  usbd_ioreq.o(i.USBD_CtlReceiveStatus)
    i.USBD_CtlSendData                       0x08001ee0   Section        0  usbd_ioreq.o(i.USBD_CtlSendData)
    i.USBD_CtlSendStatus                     0x08001efa   Section        0  usbd_ioreq.o(i.USBD_CtlSendStatus)
    i.USBD_FS_ConfigStrDescriptor            0x08001f10   Section        0  usbd_desc.o(i.USBD_FS_ConfigStrDescriptor)
    i.USBD_FS_DeviceDescriptor               0x08001f30   Section        0  usbd_desc.o(i.USBD_FS_DeviceDescriptor)
    i.USBD_FS_InterfaceStrDescriptor         0x08001f3c   Section        0  usbd_desc.o(i.USBD_FS_InterfaceStrDescriptor)
    i.USBD_FS_LangIDStrDescriptor            0x08001f60   Section        0  usbd_desc.o(i.USBD_FS_LangIDStrDescriptor)
    i.USBD_FS_ManufacturerStrDescriptor      0x08001f6c   Section        0  usbd_desc.o(i.USBD_FS_ManufacturerStrDescriptor)
    i.USBD_FS_ProductStrDescriptor           0x08001f94   Section        0  usbd_desc.o(i.USBD_FS_ProductStrDescriptor)
    i.USBD_FS_SerialStrDescriptor            0x08001fc0   Section        0  usbd_desc.o(i.USBD_FS_SerialStrDescriptor)
    i.USBD_GetDescriptor                     0x08001ff8   Section        0  usbd_ctlreq.o(i.USBD_GetDescriptor)
    USBD_GetDescriptor                       0x08001ff9   Thumb Code   224  usbd_ctlreq.o(i.USBD_GetDescriptor)
    i.USBD_GetString                         0x080020d8   Section        0  usbd_ctlreq.o(i.USBD_GetString)
    i.USBD_Get_USB_Status                    0x0800211e   Section        0  usbd_conf.o(i.USBD_Get_USB_Status)
    USBD_Get_USB_Status                      0x0800211f   Thumb Code    24  usbd_conf.o(i.USBD_Get_USB_Status)
    i.USBD_Init                              0x08002136   Section        0  usbd_core.o(i.USBD_Init)
    i.USBD_LL_ClearStallEP                   0x08002160   Section        0  usbd_conf.o(i.USBD_LL_ClearStallEP)
    i.USBD_LL_CloseEP                        0x08002172   Section        0  usbd_conf.o(i.USBD_LL_CloseEP)
    i.USBD_LL_DataInStage                    0x08002184   Section        0  usbd_core.o(i.USBD_LL_DataInStage)
    i.USBD_LL_DataOutStage                   0x0800222e   Section        0  usbd_core.o(i.USBD_LL_DataOutStage)
    i.USBD_LL_GetRxDataSize                  0x08002298   Section        0  usbd_conf.o(i.USBD_LL_GetRxDataSize)
    i.USBD_LL_Init                           0x080022a0   Section        0  usbd_conf.o(i.USBD_LL_Init)
    i.USBD_LL_IsStallEP                      0x08002320   Section        0  usbd_conf.o(i.USBD_LL_IsStallEP)
    i.USBD_LL_OpenEP                         0x0800233c   Section        0  usbd_conf.o(i.USBD_LL_OpenEP)
    i.USBD_LL_PrepareReceive                 0x08002354   Section        0  usbd_conf.o(i.USBD_LL_PrepareReceive)
    i.USBD_LL_Reset                          0x08002366   Section        0  usbd_core.o(i.USBD_LL_Reset)
    i.USBD_LL_Resume                         0x080023a4   Section        0  usbd_core.o(i.USBD_LL_Resume)
    i.USBD_LL_SOF                            0x080023b0   Section        0  usbd_core.o(i.USBD_LL_SOF)
    i.USBD_LL_SetSpeed                       0x080023c8   Section        0  usbd_core.o(i.USBD_LL_SetSpeed)
    i.USBD_LL_SetUSBAddress                  0x080023ce   Section        0  usbd_conf.o(i.USBD_LL_SetUSBAddress)
    i.USBD_LL_SetupStage                     0x080023e0   Section        0  usbd_core.o(i.USBD_LL_SetupStage)
    i.USBD_LL_StallEP                        0x0800243a   Section        0  usbd_conf.o(i.USBD_LL_StallEP)
    i.USBD_LL_Start                          0x0800244c   Section        0  usbd_conf.o(i.USBD_LL_Start)
    i.USBD_LL_Suspend                        0x0800245e   Section        0  usbd_core.o(i.USBD_LL_Suspend)
    i.USBD_LL_Transmit                       0x08002470   Section        0  usbd_conf.o(i.USBD_LL_Transmit)
    i.USBD_ParseSetupRequest                 0x08002482   Section        0  usbd_ctlreq.o(i.USBD_ParseSetupRequest)
    i.USBD_RegisterClass                     0x080024aa   Section        0  usbd_core.o(i.USBD_RegisterClass)
    i.USBD_SetClassConfig                    0x080024ba   Section        0  usbd_core.o(i.USBD_SetClassConfig)
    i.USBD_SetConfig                         0x080024d0   Section        0  usbd_ctlreq.o(i.USBD_SetConfig)
    USBD_SetConfig                           0x080024d1   Thumb Code   110  usbd_ctlreq.o(i.USBD_SetConfig)
    i.USBD_Start                             0x08002544   Section        0  usbd_core.o(i.USBD_Start)
    i.USBD_StdDevReq                         0x0800254e   Section        0  usbd_ctlreq.o(i.USBD_StdDevReq)
    i.USBD_StdEPReq                          0x08002640   Section        0  usbd_ctlreq.o(i.USBD_StdEPReq)
    i.USBD_StdItfReq                         0x0800271c   Section        0  usbd_ctlreq.o(i.USBD_StdItfReq)
    i.USBD_static_free                       0x08002750   Section        0  usbd_conf.o(i.USBD_static_free)
    i.USBD_static_malloc                     0x08002754   Section        0  usbd_conf.o(i.USBD_static_malloc)
    i.USB_ActivateEndpoint                   0x0800275c   Section        0  stm32f1xx_ll_usb.o(i.USB_ActivateEndpoint)
    i.USB_CoreInit                           0x080029b8   Section        0  stm32f1xx_ll_usb.o(i.USB_CoreInit)
    i.USB_DeactivateEndpoint                 0x080029bc   Section        0  stm32f1xx_ll_usb.o(i.USB_DeactivateEndpoint)
    i.USB_DevConnect                         0x08002ae0   Section        0  stm32f1xx_ll_usb.o(i.USB_DevConnect)
    i.USB_DevDisconnect                      0x08002ae4   Section        0  stm32f1xx_ll_usb.o(i.USB_DevDisconnect)
    i.USB_DevInit                            0x08002ae8   Section        0  stm32f1xx_ll_usb.o(i.USB_DevInit)
    i.USB_DisableGlobalInt                   0x08002b06   Section        0  stm32f1xx_ll_usb.o(i.USB_DisableGlobalInt)
    i.USB_EP0_OutStart                       0x08002b14   Section        0  stm32f1xx_ll_usb.o(i.USB_EP0_OutStart)
    i.USB_EPClearStall                       0x08002b18   Section        0  stm32f1xx_ll_usb.o(i.USB_EPClearStall)
    i.USB_EPSetStall                         0x08002b82   Section        0  stm32f1xx_ll_usb.o(i.USB_EPSetStall)
    i.USB_EPStartXfer                        0x08002bcc   Section        0  stm32f1xx_ll_usb.o(i.USB_EPStartXfer)
    i.USB_EnableGlobalInt                    0x08002d76   Section        0  stm32f1xx_ll_usb.o(i.USB_EnableGlobalInt)
    i.USB_LP_CAN1_RX0_IRQHandler             0x08002d84   Section        0  stm32f1xx_it.o(i.USB_LP_CAN1_RX0_IRQHandler)
    i.USB_ReadInterrupts                     0x08002d90   Section        0  stm32f1xx_ll_usb.o(i.USB_ReadInterrupts)
    i.USB_ReadPMA                            0x08002d98   Section        0  stm32f1xx_ll_usb.o(i.USB_ReadPMA)
    i.USB_SetCurrentMode                     0x08002db6   Section        0  stm32f1xx_ll_usb.o(i.USB_SetCurrentMode)
    i.USB_SetDevAddress                      0x08002dba   Section        0  stm32f1xx_ll_usb.o(i.USB_SetDevAddress)
    i.USB_WritePMA                           0x08002dc6   Section        0  stm32f1xx_ll_usb.o(i.USB_WritePMA)
    i.UsageFault_Handler                     0x08002dec   Section        0  stm32f1xx_it.o(i.UsageFault_Handler)
    i.WritePin1                              0x08002df0   Section        0  main.o(i.WritePin1)
    i._ZN6HemGfx10switchBuffEb               0x08002ee4   Section        0  hemgfx.o(i._ZN6HemGfx10switchBuffEb)
    i._ZN6HemGfx11clearScreenEv              0x08002f36   Section        0  hemgfx.o(i._ZN6HemGfx11clearScreenEv)
    i._ZN6HemGfx8setPixelEhht                0x08002f64   Section        0  hemgfx.o(i._ZN6HemGfx8setPixelEhht)
    i._ZN6HemGfx9drawImageEPtttss            0x08002f78   Section        0  hemgfx.o(i._ZN6HemGfx9drawImageEPtttss)
    i._ZN6HemGfx9getBufferEv                 0x08002fe4   Section        0  hemgfx.o(i._ZN6HemGfx9getBufferEv)
    i._ZN6HemGfxC1EhhPtS0_                   0x08002ff6   Section        0  hemgfx.o(i._ZN6HemGfxC1EhhPtS0_)
    i._Znwj                                  0x08003038   Section        0  new.o(i._Znwj)
    i.__scatterload_copy                     0x08003060   Section       14  handlers.o(i.__scatterload_copy)
    i.__scatterload_null                     0x0800306e   Section        2  handlers.o(i.__scatterload_null)
    i.__scatterload_zeroinit                 0x08003070   Section       14  handlers.o(i.__scatterload_zeroinit)
    i.main                                   0x08003080   Section        0  main.o(i.main)
    i.malloc                                 0x0800312c   Section        0  malloc.o(i.malloc)
    i.newHemGfx                              0x08003198   Section        0  hemgfxwrapper.o(i.newHemGfx)
    i.uploadMatrix3                          0x080031c8   Section        0  main.o(i.uploadMatrix3)
    .constdata                               0x080032bc   Section     1012  main.o(.constdata)
    .constdata                               0x080036b0   Section       16  system_stm32f1xx.o(.constdata)
    .data                                    0x20000000   Section       16  main.o(.data)
    .data                                    0x20000010   Section       28  usbd_desc.o(.data)
    .data                                    0x2000002c   Section       50  usbd_desc.o(.data)
    .data                                    0x20000060   Section       16  usbd_cdc_if.o(.data)
    .data                                    0x20000070   Section       12  stm32f1xx_hal.o(.data)
    .data                                    0x2000007c   Section        4  system_stm32f1xx.o(.data)
    .data                                    0x20000080   Section        1  usbd_ctlreq.o(.data)
    cfgidx                                   0x20000080   Data           1  usbd_ctlreq.o(.data)
    .data                                    0x20000084   Section      219  usbd_cdc.o(.data)
    ifalt                                    0x20000084   Data           1  usbd_cdc.o(.data)
    USBD_CDC_DeviceQualifierDesc             0x20000088   Data          10  usbd_cdc.o(.data)
    .data                                    0x20000160   Section       56  usbd_cdc.o(.data)
    .data                                    0x20000198   Section        4  mvars.o(.data)
    .data                                    0x2000019c   Section        4  mvars.o(.data)
    .data                                    0x200001a0   Section       12  cpp_memory.o(.data)
    handler_pointer                          0x200001a0   Data           4  cpp_memory.o(.data)
    eh                                       0x200001a4   Data           4  cpp_memory.o(.data)
    eh_p                                     0x200001a8   Data           4  cpp_memory.o(.data)
    .bss                                     0x200001ac   Section     2200  main.o(.bss)
    .bss                                     0x20000a44   Section      548  usb_device.o(.bss)
    .bss                                     0x20000c68   Section     1664  usbd_conf.o(.bss)
    mem                                      0x20000c68   Data         544  usbd_conf.o(.bss)
    .bss                                     0x200012e8   Section      512  usbd_desc.o(.bss)
    .bss                                     0x200014e8   Section     2000  usbd_cdc_if.o(.bss)
    HEAP                                     0x20001cb8   Section      512  startup_stm32f103xb.o(HEAP)
    STACK                                    0x20001eb8   Section     1024  startup_stm32f103xb.o(STACK)

    Global Symbols

    Symbol Name                              Value     Ov Type        Size  Object(Section)

    BuildAttributes$$THM_ISAv4$P$D$K$B$S$PE$A:L22UL41UL21$X:L11$S22US41US21$IEEE1$IW$USESV6$~STKCKD$USESV7$~SHL$OSPACE$ROPI$EBA8$UX$MICROLIB$REQ8$PRES8$EABIv2 0x00000000   Number         0  anon$$obj.o ABSOLUTE
    __ARM_use_no_argv                        0x00000000   Number         0  main.o ABSOLUTE
    SHT$$ARM_EXIDX$$Base                      - Undefined Reference
    SHT$$ARM_EXIDX$$Limit                     - Undefined Reference
    __ARM::default_unexpected_handler()       - Undefined Weak Reference
    __ARM_exceptions_buffer_required          - Undefined Weak Reference
    __aeabi_unwind_cpp_pr1                    - Undefined Weak Reference
    __aeabi_unwind_cpp_pr2                    - Undefined Weak Reference
    __cpp_initialize__aeabi_                  - Undefined Weak Reference
    __cxa_begin_cleanup                       - Undefined Weak Reference
    __cxa_finalize                            - Undefined Weak Reference
    __cxa_type_match                          - Undefined Weak Reference
    _clock_init                               - Undefined Weak Reference
    _microlib_exit                            - Undefined Weak Reference
    __Vectors_Size                           0x000000ec   Number         0  startup_stm32f103xb.o ABSOLUTE
    __Vectors                                0x08000000   Data           4  startup_stm32f103xb.o(RESET)
    __Vectors_End                            0x080000ec   Data           0  startup_stm32f103xb.o(RESET)
    __main                                   0x080000ed   Thumb Code     0  entry.o(.ARM.Collect$$$$00000000)
    _main_stk                                0x080000ed   Thumb Code     0  entry2.o(.ARM.Collect$$$$00000001)
    _main_scatterload                        0x080000f1   Thumb Code     0  entry5.o(.ARM.Collect$$$$00000004)
    __main_after_scatterload                 0x080000f5   Thumb Code     0  entry5.o(.ARM.Collect$$$$00000004)
    _main_clock                              0x080000f5   Thumb Code     0  entry7b.o(.ARM.Collect$$$$00000008)
    _main_cpp_init                           0x080000f5   Thumb Code     0  entry8b.o(.ARM.Collect$$$$0000000A)
    _main_init                               0x080000f5   Thumb Code     0  entry9a.o(.ARM.Collect$$$$0000000B)
    __rt_final_cpp                           0x080000fd   Thumb Code     0  entry10a.o(.ARM.Collect$$$$0000000D)
    __rt_final_exit                          0x080000fd   Thumb Code     0  entry11a.o(.ARM.Collect$$$$0000000F)
    Reset_Handler                            0x08000101   Thumb Code     8  startup_stm32f103xb.o(.text)
    ADC1_2_IRQHandler                        0x0800011b   Thumb Code     0  startup_stm32f103xb.o(.text)
    CAN1_RX1_IRQHandler                      0x0800011b   Thumb Code     0  startup_stm32f103xb.o(.text)
    CAN1_SCE_IRQHandler                      0x0800011b   Thumb Code     0  startup_stm32f103xb.o(.text)
    DMA1_Channel1_IRQHandler                 0x0800011b   Thumb Code     0  startup_stm32f103xb.o(.text)
    DMA1_Channel2_IRQHandler                 0x0800011b   Thumb Code     0  startup_stm32f103xb.o(.text)
    DMA1_Channel3_IRQHandler                 0x0800011b   Thumb Code     0  startup_stm32f103xb.o(.text)
    DMA1_Channel4_IRQHandler                 0x0800011b   Thumb Code     0  startup_stm32f103xb.o(.text)
    DMA1_Channel5_IRQHandler                 0x0800011b   Thumb Code     0  startup_stm32f103xb.o(.text)
    DMA1_Channel6_IRQHandler                 0x0800011b   Thumb Code     0  startup_stm32f103xb.o(.text)
    DMA1_Channel7_IRQHandler                 0x0800011b   Thumb Code     0  startup_stm32f103xb.o(.text)
    EXTI0_IRQHandler                         0x0800011b   Thumb Code     0  startup_stm32f103xb.o(.text)
    EXTI15_10_IRQHandler                     0x0800011b   Thumb Code     0  startup_stm32f103xb.o(.text)
    EXTI1_IRQHandler                         0x0800011b   Thumb Code     0  startup_stm32f103xb.o(.text)
    EXTI2_IRQHandler                         0x0800011b   Thumb Code     0  startup_stm32f103xb.o(.text)
    EXTI3_IRQHandler                         0x0800011b   Thumb Code     0  startup_stm32f103xb.o(.text)
    EXTI4_IRQHandler                         0x0800011b   Thumb Code     0  startup_stm32f103xb.o(.text)
    EXTI9_5_IRQHandler                       0x0800011b   Thumb Code     0  startup_stm32f103xb.o(.text)
    FLASH_IRQHandler                         0x0800011b   Thumb Code     0  startup_stm32f103xb.o(.text)
    I2C1_ER_IRQHandler                       0x0800011b   Thumb Code     0  startup_stm32f103xb.o(.text)
    I2C1_EV_IRQHandler                       0x0800011b   Thumb Code     0  startup_stm32f103xb.o(.text)
    I2C2_ER_IRQHandler                       0x0800011b   Thumb Code     0  startup_stm32f103xb.o(.text)
    I2C2_EV_IRQHandler                       0x0800011b   Thumb Code     0  startup_stm32f103xb.o(.text)
    PVD_IRQHandler                           0x0800011b   Thumb Code     0  startup_stm32f103xb.o(.text)
    RCC_IRQHandler                           0x0800011b   Thumb Code     0  startup_stm32f103xb.o(.text)
    RTC_Alarm_IRQHandler                     0x0800011b   Thumb Code     0  startup_stm32f103xb.o(.text)
    RTC_IRQHandler                           0x0800011b   Thumb Code     0  startup_stm32f103xb.o(.text)
    SPI1_IRQHandler                          0x0800011b   Thumb Code     0  startup_stm32f103xb.o(.text)
    SPI2_IRQHandler                          0x0800011b   Thumb Code     0  startup_stm32f103xb.o(.text)
    TAMPER_IRQHandler                        0x0800011b   Thumb Code     0  startup_stm32f103xb.o(.text)
    TIM1_BRK_IRQHandler                      0x0800011b   Thumb Code     0  startup_stm32f103xb.o(.text)
    TIM1_CC_IRQHandler                       0x0800011b   Thumb Code     0  startup_stm32f103xb.o(.text)
    TIM1_TRG_COM_IRQHandler                  0x0800011b   Thumb Code     0  startup_stm32f103xb.o(.text)
    TIM1_UP_IRQHandler                       0x0800011b   Thumb Code     0  startup_stm32f103xb.o(.text)
    TIM3_IRQHandler                          0x0800011b   Thumb Code     0  startup_stm32f103xb.o(.text)
    TIM4_IRQHandler                          0x0800011b   Thumb Code     0  startup_stm32f103xb.o(.text)
    USART1_IRQHandler                        0x0800011b   Thumb Code     0  startup_stm32f103xb.o(.text)
    USART2_IRQHandler                        0x0800011b   Thumb Code     0  startup_stm32f103xb.o(.text)
    USART3_IRQHandler                        0x0800011b   Thumb Code     0  startup_stm32f103xb.o(.text)
    USBWakeUp_IRQHandler                     0x0800011b   Thumb Code     0  startup_stm32f103xb.o(.text)
    USB_HP_CAN1_TX_IRQHandler                0x0800011b   Thumb Code     0  startup_stm32f103xb.o(.text)
    WWDG_IRQHandler                          0x0800011b   Thumb Code     0  startup_stm32f103xb.o(.text)
    __aeabi_memcpy                           0x08000125   Thumb Code    36  memcpya.o(.text)
    __aeabi_memcpy4                          0x08000125   Thumb Code     0  memcpya.o(.text)
    __aeabi_memcpy8                          0x08000125   Thumb Code     0  memcpya.o(.text)
    __aeabi_memset                           0x08000149   Thumb Code    14  memseta.o(.text)
    __aeabi_memset4                          0x08000149   Thumb Code     0  memseta.o(.text)
    __aeabi_memset8                          0x08000149   Thumb Code     0  memseta.o(.text)
    __aeabi_memclr                           0x08000157   Thumb Code     4  memseta.o(.text)
    __aeabi_memclr4                          0x08000157   Thumb Code     0  memseta.o(.text)
    __aeabi_memclr8                          0x08000157   Thumb Code     0  memseta.o(.text)
    _memset$wrapper                          0x0800015b   Thumb Code    18  memseta.o(.text)
    __default_new_handler()                  0x0800016d   Thumb Code     4  arm_newhandler_noexceptions.o(.text)
    __rt_new_handler_addr                    0x08000171   Thumb Code     4  cpp_memory.o(.text)
    __rt_eh_globals_addr                     0x08000175   Thumb Code    12  cpp_memory.o(.text)
    std::terminate()                         0x08000185   Thumb Code    26  arm_exceptions_terminate.o(.text)
    __scatterload                            0x080001a1   Thumb Code    28  init.o(.text)
    __scatterload_rt2                        0x080001a1   Thumb Code     0  init.o(.text)
    __cxa_get_globals                        0x080001cb   Thumb Code    62  arm_exceptions_globs.o(.text)
    __ARM_exceptions_buffer_init             0x08000215   Thumb Code    18  arm_exceptions_mem.o(.text)
    __ARM_exceptions_buffer_allocate         0x08000227   Thumb Code    22  arm_exceptions_mem.o(.text)
    __ARM_exceptions_buffer_free             0x0800023d   Thumb Code    20  arm_exceptions_mem.o(.text)
    __decompress                             0x08000251   Thumb Code     0  __dczerorl2.o(.text)
    __decompress1                            0x08000251   Thumb Code    86  __dczerorl2.o(.text)
    BusFault_Handler                         0x080002a7   Thumb Code     2  stm32f1xx_it.o(i.BusFault_Handler)
    DebugMon_Handler                         0x080002ed   Thumb Code     2  stm32f1xx_it.o(i.DebugMon_Handler)
    Error_Handler                            0x080002ef   Thumb Code     2  main.o(i.Error_Handler)
    HAL_Delay                                0x080002f1   Thumb Code    32  stm32f1xx_hal.o(i.HAL_Delay)
    HAL_GPIO_Init                            0x08000315   Thumb Code   408  stm32f1xx_hal_gpio.o(i.HAL_GPIO_Init)
    HAL_GPIO_TogglePin                       0x080004d1   Thumb Code     8  stm32f1xx_hal_gpio.o(i.HAL_GPIO_TogglePin)
    HAL_GPIO_WritePin                        0x080004d9   Thumb Code    10  stm32f1xx_hal_gpio.o(i.HAL_GPIO_WritePin)
    HAL_GetTick                              0x080004e5   Thumb Code     6  stm32f1xx_hal.o(i.HAL_GetTick)
    HAL_IncTick                              0x080004f1   Thumb Code    12  stm32f1xx_hal.o(i.HAL_IncTick)
    HAL_Init                                 0x08000501   Thumb Code    32  stm32f1xx_hal.o(i.HAL_Init)
    HAL_InitTick                             0x08000525   Thumb Code    54  stm32f1xx_hal.o(i.HAL_InitTick)
    HAL_MspInit                              0x08000565   Thumb Code    52  stm32f1xx_hal_msp.o(i.HAL_MspInit)
    HAL_NVIC_EnableIRQ                       0x080005a1   Thumb Code    22  stm32f1xx_hal_cortex.o(i.HAL_NVIC_EnableIRQ)
    HAL_NVIC_SetPriority                     0x080005b9   Thumb Code    60  stm32f1xx_hal_cortex.o(i.HAL_NVIC_SetPriority)
    HAL_NVIC_SetPriorityGrouping             0x080005f9   Thumb Code    26  stm32f1xx_hal_cortex.o(i.HAL_NVIC_SetPriorityGrouping)
    HAL_PCDEx_PMAConfig                      0x0800061d   Thumb Code    52  stm32f1xx_hal_pcd_ex.o(i.HAL_PCDEx_PMAConfig)
    HAL_PCDEx_SetConnectionState             0x08000651   Thumb Code     2  usbd_conf.o(i.HAL_PCDEx_SetConnectionState)
    HAL_PCD_DataInStageCallback              0x08000653   Thumb Code    14  usbd_conf.o(i.HAL_PCD_DataInStageCallback)
    HAL_PCD_DataOutStageCallback             0x08000661   Thumb Code    16  usbd_conf.o(i.HAL_PCD_DataOutStageCallback)
    HAL_PCD_EP_Close                         0x08000671   Thumb Code    64  stm32f1xx_hal_pcd.o(i.HAL_PCD_EP_Close)
    HAL_PCD_EP_ClrStall                      0x080006b1   Thumb Code    72  stm32f1xx_hal_pcd.o(i.HAL_PCD_EP_ClrStall)
    HAL_PCD_EP_GetRxCount                    0x080006f9   Thumb Code    16  stm32f1xx_hal_pcd.o(i.HAL_PCD_EP_GetRxCount)
    HAL_PCD_EP_Open                          0x08000709   Thumb Code    68  stm32f1xx_hal_pcd.o(i.HAL_PCD_EP_Open)
    HAL_PCD_EP_Receive                       0x0800074d   Thumb Code    46  stm32f1xx_hal_pcd.o(i.HAL_PCD_EP_Receive)
    HAL_PCD_EP_SetStall                      0x0800077b   Thumb Code    86  stm32f1xx_hal_pcd.o(i.HAL_PCD_EP_SetStall)
    HAL_PCD_EP_Transmit                      0x080007d1   Thumb Code    42  stm32f1xx_hal_pcd.o(i.HAL_PCD_EP_Transmit)
    HAL_PCD_IRQHandler                       0x080007fb   Thumb Code   268  stm32f1xx_hal_pcd.o(i.HAL_PCD_IRQHandler)
    HAL_PCD_Init                             0x08000909   Thumb Code   192  stm32f1xx_hal_pcd.o(i.HAL_PCD_Init)
    HAL_PCD_MspInit                          0x080009c9   Thumb Code    50  usbd_conf.o(i.HAL_PCD_MspInit)
    HAL_PCD_ResetCallback                    0x08000a05   Thumb Code    38  usbd_conf.o(i.HAL_PCD_ResetCallback)
    HAL_PCD_ResumeCallback                   0x08000a2b   Thumb Code     8  usbd_conf.o(i.HAL_PCD_ResumeCallback)
    HAL_PCD_SOFCallback                      0x08000a33   Thumb Code     8  usbd_conf.o(i.HAL_PCD_SOFCallback)
    HAL_PCD_SetAddress                       0x08000a3b   Thumb Code    40  stm32f1xx_hal_pcd.o(i.HAL_PCD_SetAddress)
    HAL_PCD_SetupStageCallback               0x08000a63   Thumb Code    14  usbd_conf.o(i.HAL_PCD_SetupStageCallback)
    HAL_PCD_Start                            0x08000a71   Thumb Code    50  stm32f1xx_hal_pcd.o(i.HAL_PCD_Start)
    HAL_PCD_SuspendCallback                  0x08000aa5   Thumb Code    30  usbd_conf.o(i.HAL_PCD_SuspendCallback)
    HAL_RCCEx_PeriphCLKConfig                0x08000ac9   Thumb Code   224  stm32f1xx_hal_rcc_ex.o(i.HAL_RCCEx_PeriphCLKConfig)
    HAL_RCC_ClockConfig                      0x08000bb5   Thumb Code   346  stm32f1xx_hal_rcc.o(i.HAL_RCC_ClockConfig)
    HAL_RCC_GetSysClockFreq                  0x08000d21   Thumb Code    74  stm32f1xx_hal_rcc.o(i.HAL_RCC_GetSysClockFreq)
    HAL_RCC_OscConfig                        0x08000d8d   Thumb Code   750  stm32f1xx_hal_rcc.o(i.HAL_RCC_OscConfig)
    HAL_SPI_Init                             0x08001091   Thumb Code   130  stm32f1xx_hal_spi_ex.o(i.HAL_SPI_Init)
    HAL_SPI_MspInit                          0x08001115   Thumb Code    74  stm32f1xx_hal_msp.o(i.HAL_SPI_MspInit)
    HAL_SYSTICK_Config                       0x0800116d   Thumb Code    40  stm32f1xx_hal_cortex.o(i.HAL_SYSTICK_Config)
    HAL_TIMEx_BreakCallback                  0x08001195   Thumb Code     2  stm32f1xx_hal_tim_ex.o(i.HAL_TIMEx_BreakCallback)
    HAL_TIMEx_CommutationCallback            0x08001197   Thumb Code     2  stm32f1xx_hal_tim_ex.o(i.HAL_TIMEx_CommutationCallback)
    HAL_TIMEx_MasterConfigSynchronization    0x08001199   Thumb Code    80  stm32f1xx_hal_tim_ex.o(i.HAL_TIMEx_MasterConfigSynchronization)
    HAL_TIM_Base_Init                        0x080011e9   Thumb Code    54  stm32f1xx_hal_tim.o(i.HAL_TIM_Base_Init)
    HAL_TIM_Base_MspInit                     0x08001221   Thumb Code    50  stm32f1xx_hal_msp.o(i.HAL_TIM_Base_MspInit)
    HAL_TIM_Base_Start_IT                    0x08001259   Thumb Code    24  stm32f1xx_hal_tim.o(i.HAL_TIM_Base_Start_IT)
    HAL_TIM_ConfigClockSource                0x08001271   Thumb Code   242  stm32f1xx_hal_tim.o(i.HAL_TIM_ConfigClockSource)
    HAL_TIM_IC_CaptureCallback               0x08001363   Thumb Code     2  stm32f1xx_hal_tim.o(i.HAL_TIM_IC_CaptureCallback)
    HAL_TIM_IRQHandler                       0x08001365   Thumb Code   358  stm32f1xx_hal_tim.o(i.HAL_TIM_IRQHandler)
    HAL_TIM_OC_DelayElapsedCallback          0x080014cb   Thumb Code     2  stm32f1xx_hal_tim.o(i.HAL_TIM_OC_DelayElapsedCallback)
    HAL_TIM_PWM_PulseFinishedCallback        0x080014cd   Thumb Code     2  stm32f1xx_hal_tim.o(i.HAL_TIM_PWM_PulseFinishedCallback)
    HAL_TIM_PeriodElapsedCallback            0x080014d1   Thumb Code    12  main.o(i.HAL_TIM_PeriodElapsedCallback)
    HAL_TIM_TriggerCallback                  0x080014e1   Thumb Code     2  stm32f1xx_hal_tim.o(i.HAL_TIM_TriggerCallback)
    HardFault_Handler                        0x080014e3   Thumb Code     2  stm32f1xx_it.o(i.HardFault_Handler)
    HemClearScreen                           0x080014e5   Thumb Code    12  hemgfxwrapper.o(i.HemClearScreen)
    HemGetBuffer                             0x080014f1   Thumb Code    12  hemgfxwrapper.o(i.HemGetBuffer)
    HemSwitchBuff                            0x080014fd   Thumb Code    12  hemgfxwrapper.o(i.HemSwitchBuff)
    HemWriteImage                            0x08001509   Thumb Code    22  main.o(i.HemWriteImage)
    HemdrawImage                             0x08001525   Thumb Code    22  hemgfxwrapper.o(i.HemdrawImage)
    MX_USB_DEVICE_Init                       0x080016c9   Thumb Code    66  usb_device.o(i.MX_USB_DEVICE_Init)
    MemManage_Handler                        0x0800171d   Thumb Code     2  stm32f1xx_it.o(i.MemManage_Handler)
    NMI_Handler                              0x0800171f   Thumb Code     2  stm32f1xx_it.o(i.NMI_Handler)
    PendSV_Handler                           0x08001aa3   Thumb Code     2  stm32f1xx_it.o(i.PendSV_Handler)
    SVC_Handler                              0x08001aa5   Thumb Code     2  stm32f1xx_it.o(i.SVC_Handler)
    SwitchBuffer                             0x08001aa9   Thumb Code    14  main.o(i.SwitchBuffer)
    SysTick_Handler                          0x08001abd   Thumb Code     4  stm32f1xx_it.o(i.SysTick_Handler)
    SystemClock_Config                       0x08001ac1   Thumb Code    96  main.o(i.SystemClock_Config)
    SystemInit                               0x08001b21   Thumb Code    56  system_stm32f1xx.o(i.SystemInit)
    TIM2_IRQHandler                          0x08001b69   Thumb Code     6  stm32f1xx_it.o(i.TIM2_IRQHandler)
    TIM_Base_SetConfig                       0x08001b75   Thumb Code    94  stm32f1xx_hal_tim.o(i.TIM_Base_SetConfig)
    USBD_CDC_GetDeviceQualifierDescriptor    0x08001ced   Thumb Code     8  usbd_cdc.o(i.USBD_CDC_GetDeviceQualifierDescriptor)
    USBD_CDC_ReceivePacket                   0x08001da5   Thumb Code    40  usbd_cdc.o(i.USBD_CDC_ReceivePacket)
    USBD_CDC_RegisterInterface               0x08001dcd   Thumb Code    16  usbd_cdc.o(i.USBD_CDC_RegisterInterface)
    USBD_CDC_SetRxBuffer                     0x08001ddd   Thumb Code    12  usbd_cdc.o(i.USBD_CDC_SetRxBuffer)
    USBD_CDC_SetTxBuffer                     0x08001de9   Thumb Code    16  usbd_cdc.o(i.USBD_CDC_SetTxBuffer)
    USBD_ClrClassConfig                      0x08001e69   Thumb Code    14  usbd_core.o(i.USBD_ClrClassConfig)
    USBD_CtlContinueRx                       0x08001e77   Thumb Code    16  usbd_ioreq.o(i.USBD_CtlContinueRx)
    USBD_CtlContinueSendData                 0x08001e87   Thumb Code    16  usbd_ioreq.o(i.USBD_CtlContinueSendData)
    USBD_CtlError                            0x08001e97   Thumb Code    22  usbd_ctlreq.o(i.USBD_CtlError)
    USBD_CtlPrepareRx                        0x08001ead   Thumb Code    30  usbd_ioreq.o(i.USBD_CtlPrepareRx)
    USBD_CtlReceiveStatus                    0x08001ecb   Thumb Code    22  usbd_ioreq.o(i.USBD_CtlReceiveStatus)
    USBD_CtlSendData                         0x08001ee1   Thumb Code    26  usbd_ioreq.o(i.USBD_CtlSendData)
    USBD_CtlSendStatus                       0x08001efb   Thumb Code    22  usbd_ioreq.o(i.USBD_CtlSendStatus)
    USBD_FS_ConfigStrDescriptor              0x08001f11   Thumb Code    16  usbd_desc.o(i.USBD_FS_ConfigStrDescriptor)
    USBD_FS_DeviceDescriptor                 0x08001f31   Thumb Code     8  usbd_desc.o(i.USBD_FS_DeviceDescriptor)
    USBD_FS_InterfaceStrDescriptor           0x08001f3d   Thumb Code    16  usbd_desc.o(i.USBD_FS_InterfaceStrDescriptor)
    USBD_FS_LangIDStrDescriptor              0x08001f61   Thumb Code     8  usbd_desc.o(i.USBD_FS_LangIDStrDescriptor)
    USBD_FS_ManufacturerStrDescriptor        0x08001f6d   Thumb Code    16  usbd_desc.o(i.USBD_FS_ManufacturerStrDescriptor)
    USBD_FS_ProductStrDescriptor             0x08001f95   Thumb Code    16  usbd_desc.o(i.USBD_FS_ProductStrDescriptor)
    USBD_FS_SerialStrDescriptor              0x08001fc1   Thumb Code    48  usbd_desc.o(i.USBD_FS_SerialStrDescriptor)
    USBD_GetString                           0x080020d9   Thumb Code    70  usbd_ctlreq.o(i.USBD_GetString)
    USBD_Init                                0x08002137   Thumb Code    42  usbd_core.o(i.USBD_Init)
    USBD_LL_ClearStallEP                     0x08002161   Thumb Code    18  usbd_conf.o(i.USBD_LL_ClearStallEP)
    USBD_LL_CloseEP                          0x08002173   Thumb Code    18  usbd_conf.o(i.USBD_LL_CloseEP)
    USBD_LL_DataInStage                      0x08002185   Thumb Code   170  usbd_core.o(i.USBD_LL_DataInStage)
    USBD_LL_DataOutStage                     0x0800222f   Thumb Code   106  usbd_core.o(i.USBD_LL_DataOutStage)
    USBD_LL_GetRxDataSize                    0x08002299   Thumb Code     8  usbd_conf.o(i.USBD_LL_GetRxDataSize)
    USBD_LL_Init                             0x080022a1   Thumb Code   118  usbd_conf.o(i.USBD_LL_Init)
    USBD_LL_IsStallEP                        0x08002321   Thumb Code    28  usbd_conf.o(i.USBD_LL_IsStallEP)
    USBD_LL_OpenEP                           0x0800233d   Thumb Code    24  usbd_conf.o(i.USBD_LL_OpenEP)
    USBD_LL_PrepareReceive                   0x08002355   Thumb Code    18  usbd_conf.o(i.USBD_LL_PrepareReceive)
    USBD_LL_Reset                            0x08002367   Thumb Code    62  usbd_core.o(i.USBD_LL_Reset)
    USBD_LL_Resume                           0x080023a5   Thumb Code    12  usbd_core.o(i.USBD_LL_Resume)
    USBD_LL_SOF                              0x080023b1   Thumb Code    24  usbd_core.o(i.USBD_LL_SOF)
    USBD_LL_SetSpeed                         0x080023c9   Thumb Code     6  usbd_core.o(i.USBD_LL_SetSpeed)
    USBD_LL_SetUSBAddress                    0x080023cf   Thumb Code    18  usbd_conf.o(i.USBD_LL_SetUSBAddress)
    USBD_LL_SetupStage                       0x080023e1   Thumb Code    90  usbd_core.o(i.USBD_LL_SetupStage)
    USBD_LL_StallEP                          0x0800243b   Thumb Code    18  usbd_conf.o(i.USBD_LL_StallEP)
    USBD_LL_Start                            0x0800244d   Thumb Code    18  usbd_conf.o(i.USBD_LL_Start)
    USBD_LL_Suspend                          0x0800245f   Thumb Code    18  usbd_core.o(i.USBD_LL_Suspend)
    USBD_LL_Transmit                         0x08002471   Thumb Code    18  usbd_conf.o(i.USBD_LL_Transmit)
    USBD_ParseSetupRequest                   0x08002483   Thumb Code    40  usbd_ctlreq.o(i.USBD_ParseSetupRequest)
    USBD_RegisterClass                       0x080024ab   Thumb Code    16  usbd_core.o(i.USBD_RegisterClass)
    USBD_SetClassConfig                      0x080024bb   Thumb Code    22  usbd_core.o(i.USBD_SetClassConfig)
    USBD_Start                               0x08002545   Thumb Code    10  usbd_core.o(i.USBD_Start)
    USBD_StdDevReq                           0x0800254f   Thumb Code   242  usbd_ctlreq.o(i.USBD_StdDevReq)
    USBD_StdEPReq                            0x08002641   Thumb Code   220  usbd_ctlreq.o(i.USBD_StdEPReq)
    USBD_StdItfReq                           0x0800271d   Thumb Code    52  usbd_ctlreq.o(i.USBD_StdItfReq)
    USBD_static_free                         0x08002751   Thumb Code     2  usbd_conf.o(i.USBD_static_free)
    USBD_static_malloc                       0x08002755   Thumb Code     4  usbd_conf.o(i.USBD_static_malloc)
    USB_ActivateEndpoint                     0x0800275d   Thumb Code   604  stm32f1xx_ll_usb.o(i.USB_ActivateEndpoint)
    USB_CoreInit                             0x080029b9   Thumb Code     4  stm32f1xx_ll_usb.o(i.USB_CoreInit)
    USB_DeactivateEndpoint                   0x080029bd   Thumb Code   292  stm32f1xx_ll_usb.o(i.USB_DeactivateEndpoint)
    USB_DevConnect                           0x08002ae1   Thumb Code     4  stm32f1xx_ll_usb.o(i.USB_DevConnect)
    USB_DevDisconnect                        0x08002ae5   Thumb Code     4  stm32f1xx_ll_usb.o(i.USB_DevDisconnect)
    USB_DevInit                              0x08002ae9   Thumb Code    30  stm32f1xx_ll_usb.o(i.USB_DevInit)
    USB_DisableGlobalInt                     0x08002b07   Thumb Code    14  stm32f1xx_ll_usb.o(i.USB_DisableGlobalInt)
    USB_EP0_OutStart                         0x08002b15   Thumb Code     4  stm32f1xx_ll_usb.o(i.USB_EP0_OutStart)
    USB_EPClearStall                         0x08002b19   Thumb Code   106  stm32f1xx_ll_usb.o(i.USB_EPClearStall)
    USB_EPSetStall                           0x08002b83   Thumb Code    74  stm32f1xx_ll_usb.o(i.USB_EPSetStall)
    USB_EPStartXfer                          0x08002bcd   Thumb Code   426  stm32f1xx_ll_usb.o(i.USB_EPStartXfer)
    USB_EnableGlobalInt                      0x08002d77   Thumb Code    14  stm32f1xx_ll_usb.o(i.USB_EnableGlobalInt)
    USB_LP_CAN1_RX0_IRQHandler               0x08002d85   Thumb Code     6  stm32f1xx_it.o(i.USB_LP_CAN1_RX0_IRQHandler)
    USB_ReadInterrupts                       0x08002d91   Thumb Code     6  stm32f1xx_ll_usb.o(i.USB_ReadInterrupts)
    USB_ReadPMA                              0x08002d99   Thumb Code    30  stm32f1xx_ll_usb.o(i.USB_ReadPMA)
    USB_SetCurrentMode                       0x08002db7   Thumb Code     4  stm32f1xx_ll_usb.o(i.USB_SetCurrentMode)
    USB_SetDevAddress                        0x08002dbb   Thumb Code    12  stm32f1xx_ll_usb.o(i.USB_SetDevAddress)
    USB_WritePMA                             0x08002dc7   Thumb Code    38  stm32f1xx_ll_usb.o(i.USB_WritePMA)
    UsageFault_Handler                       0x08002ded   Thumb Code     2  stm32f1xx_it.o(i.UsageFault_Handler)
    WritePin1                                0x08002df1   Thumb Code   226  main.o(i.WritePin1)
    HemGfx::switchBuff(bool)                 0x08002ee5   Thumb Code    82  hemgfx.o(i._ZN6HemGfx10switchBuffEb)
    HemGfx::clearScreen()                    0x08002f37   Thumb Code    46  hemgfx.o(i._ZN6HemGfx11clearScreenEv)
    HemGfx::setPixel(unsigned char, unsigned char, unsigned short) 0x08002f65   Thumb Code    20  hemgfx.o(i._ZN6HemGfx8setPixelEhht)
    HemGfx::drawImage(unsigned short*, unsigned short, unsigned short, short, short) 0x08002f79   Thumb Code   108  hemgfx.o(i._ZN6HemGfx9drawImageEPtttss)
    HemGfx::getBuffer()                      0x08002fe5   Thumb Code    18  hemgfx.o(i._ZN6HemGfx9getBufferEv)
    HemGfx::HemGfx(unsigned char, unsigned char, unsigned short*, unsigned short*) 0x08002ff7   Thumb Code    64  hemgfx.o(i._ZN6HemGfxC1EhhPtS0_)
    HemGfx::HemGfx__sub_object(unsigned char, unsigned char, unsigned short*, unsigned short*) 0x08002ff7   Thumb Code     0  hemgfx.o(i._ZN6HemGfxC1EhhPtS0_)
    operator new(unsigned)                   0x08003039   Thumb Code    34  new.o(i._Znwj)
    __scatterload_copy                       0x08003061   Thumb Code    14  handlers.o(i.__scatterload_copy)
    __scatterload_null                       0x0800306f   Thumb Code     2  handlers.o(i.__scatterload_null)
    __scatterload_zeroinit                   0x08003071   Thumb Code    14  handlers.o(i.__scatterload_zeroinit)
    main                                     0x08003081   Thumb Code   152  main.o(i.main)
    malloc                                   0x0800312d   Thumb Code    92  malloc.o(i.malloc)
    newHemGfx                                0x08003199   Thumb Code    48  hemgfxwrapper.o(i.newHemGfx)
    uploadMatrix3                            0x080031c9   Thumb Code   232  main.o(i.uploadMatrix3)
    ra                                       0x080032bc   Data           4  main.o(.constdata)
    rb                                       0x080032c0   Data           4  main.o(.constdata)
    MarioVid2                                0x080032c4   Data         424  main.o(.constdata)
    MarioVid4                                0x0800346c   Data         516  main.o(.constdata)
    Sequence                                 0x08003670   Data          64  main.o(.constdata)
    AHBPrescTable                            0x080036b0   Data          16  system_stm32f1xx.o(.constdata)
    Region$$Table$$Base                      0x080036c0   Number         0  anon$$obj.o(Region$$Table)
    Region$$Table$$Limit                     0x080036e0   Number         0  anon$$obj.o(Region$$Table)
    count                                    0x20000000   Data           1  main.o(.data)
    Ready                                    0x20000001   Data           1  main.o(.data)
    h_Gfx                                    0x20000004   Data           4  main.o(.data)
    MarioVid                                 0x20000008   Data           8  main.o(.data)
    FS_Desc                                  0x20000010   Data          28  usbd_desc.o(.data)
    USBD_LangIDDesc                          0x2000002c   Data           4  usbd_desc.o(.data)
    USBD_FS_DeviceDesc                       0x20000030   Data          18  usbd_desc.o(.data)
    USBD_StringSerial                        0x20000044   Data          26  usbd_desc.o(.data)
    USBD_Interface_fops_FS                   0x20000060   Data          16  usbd_cdc_if.o(.data)
    uwTickFreq                               0x20000070   Data           1  stm32f1xx_hal.o(.data)
    uwTickPrio                               0x20000074   Data           4  stm32f1xx_hal.o(.data)
    uwTick                                   0x20000078   Data           4  stm32f1xx_hal.o(.data)
    SystemCoreClock                          0x2000007c   Data           4  system_stm32f1xx.o(.data)
    USBD_CDC_CfgHSDesc                       0x20000094   Data          67  usbd_cdc.o(.data)
    USBD_CDC_CfgFSDesc                       0x200000d8   Data          67  usbd_cdc.o(.data)
    USBD_CDC_OtherSpeedCfgDesc               0x2000011c   Data          67  usbd_cdc.o(.data)
    USBD_CDC                                 0x20000160   Data          56  usbd_cdc.o(.data)
    __microlib_freelist                      0x20000198   Data           4  mvars.o(.data)
    __microlib_freelist_initialised          0x2000019c   Data           4  mvars.o(.data)
    hspi2                                    0x200001ac   Data          88  main.o(.bss)
    htim2                                    0x20000204   Data          64  main.o(.bss)
    map1                                     0x20000244   Data        1024  main.o(.bss)
    map2                                     0x20000644   Data        1024  main.o(.bss)
    hUsbDeviceFS                             0x20000a44   Data         548  usb_device.o(.bss)
    hpcd_USB_FS                              0x20000e88   Data        1120  usbd_conf.o(.bss)
    USBD_StrDesc                             0x200012e8   Data         512  usbd_desc.o(.bss)
    UserRxBufferFS                           0x200014e8   Data        1000  usbd_cdc_if.o(.bss)
    UserTxBufferFS                           0x200018d0   Data        1000  usbd_cdc_if.o(.bss)
    __heap_base                              0x20001cb8   Data           0  startup_stm32f103xb.o(HEAP)
    __heap_limit                             0x20001eb8   Data           0  startup_stm32f103xb.o(HEAP)
    __initial_sp                             0x200022b8   Data           0  startup_stm32f103xb.o(STACK)



==============================================================================

Memory Map of the image

  Image Entry point : 0x080000ed

  Load Region LR_IROM1 (Base: 0x08000000, Size: 0x0000388c, Max: 0x00010000, ABSOLUTE, COMPRESSED[0x000037a8])

    Execution Region ER_IROM1 (Exec base: 0x08000000, Load base: 0x08000000, Size: 0x000036e0, Max: 0x00010000, ABSOLUTE)

    Exec Addr    Load Addr    Size         Type   Attr      Idx    E Section Name        Object

    0x08000000   0x08000000   0x000000ec   Data   RO            3    RESET               startup_stm32f103xb.o
    0x080000ec   0x080000ec   0x00000000   Code   RO         3894  * .ARM.Collect$$$$00000000  mc_w.l(entry.o)
    0x080000ec   0x080000ec   0x00000004   Code   RO         3972    .ARM.Collect$$$$00000001  mc_w.l(entry2.o)
    0x080000f0   0x080000f0   0x00000004   Code   RO         3975    .ARM.Collect$$$$00000004  mc_w.l(entry5.o)
    0x080000f4   0x080000f4   0x00000000   Code   RO         3977    .ARM.Collect$$$$00000008  mc_w.l(entry7b.o)
    0x080000f4   0x080000f4   0x00000000   Code   RO         3979    .ARM.Collect$$$$0000000A  mc_w.l(entry8b.o)
    0x080000f4   0x080000f4   0x00000008   Code   RO         3980    .ARM.Collect$$$$0000000B  mc_w.l(entry9a.o)
    0x080000fc   0x080000fc   0x00000000   Code   RO         3982    .ARM.Collect$$$$0000000D  mc_w.l(entry10a.o)
    0x080000fc   0x080000fc   0x00000000   Code   RO         3984    .ARM.Collect$$$$0000000F  mc_w.l(entry11a.o)
    0x080000fc   0x080000fc   0x00000004   Code   RO         3973    .ARM.Collect$$$$00002712  mc_w.l(entry2.o)
    0x08000100   0x08000100   0x00000024   Code   RO            4    .text               startup_stm32f103xb.o
    0x08000124   0x08000124   0x00000024   Code   RO         3899    .text               mc_w.l(memcpya.o)
    0x08000148   0x08000148   0x00000024   Code   RO         3901    .text               mc_w.l(memseta.o)
    0x0800016c   0x0800016c   0x00000004   Code   RO         3956    .text               cpprt_w.l(arm_newhandler_noexceptions.o)
    0x08000170   0x08000170   0x00000014   Code   RO         3993    .text               mc_w.l(cpp_memory.o)
    0x08000184   0x08000184   0x0000001a   Code   RO         4117    .text               cpprt_w.l(arm_exceptions_terminate.o)
    0x0800019e   0x0800019e   0x00000002   PAD
    0x080001a0   0x080001a0   0x00000024   Code   RO         4123    .text               mc_w.l(init.o)
    0x080001c4   0x080001c4   0x00000050   Code   RO         4141    .text               cpprt_w.l(arm_exceptions_globs.o)
    0x08000214   0x08000214   0x0000003c   Code   RO         4156    .text               cpprt_w.l(arm_exceptions_mem.o)
    0x08000250   0x08000250   0x00000056   Code   RO         4173    .text               mc_w.l(__dczerorl2.o)
    0x080002a6   0x080002a6   0x00000002   Code   RO          772    i.BusFault_Handler  stm32f1xx_it.o
    0x080002a8   0x080002a8   0x00000004   Code   RO          720    i.CDC_Control_FS    usbd_cdc_if.o
    0x080002ac   0x080002ac   0x00000004   Code   RO          721    i.CDC_DeInit_FS     usbd_cdc_if.o
    0x080002b0   0x080002b0   0x00000024   Code   RO          722    i.CDC_Init_FS       usbd_cdc_if.o
    0x080002d4   0x080002d4   0x00000018   Code   RO          723    i.CDC_Receive_FS    usbd_cdc_if.o
    0x080002ec   0x080002ec   0x00000002   Code   RO          773    i.DebugMon_Handler  stm32f1xx_it.o
    0x080002ee   0x080002ee   0x00000002   Code   RO          169    i.Error_Handler     main.o
    0x080002f0   0x080002f0   0x00000024   Code   RO         2599    i.HAL_Delay         stm32f1xx_hal.o
    0x08000314   0x08000314   0x000001bc   Code   RO         2895    i.HAL_GPIO_Init     stm32f1xx_hal_gpio.o
    0x080004d0   0x080004d0   0x00000008   Code   RO         2898    i.HAL_GPIO_TogglePin  stm32f1xx_hal_gpio.o
    0x080004d8   0x080004d8   0x0000000a   Code   RO         2899    i.HAL_GPIO_WritePin  stm32f1xx_hal_gpio.o
    0x080004e2   0x080004e2   0x00000002   PAD
    0x080004e4   0x080004e4   0x0000000c   Code   RO         2603    i.HAL_GetTick       stm32f1xx_hal.o
    0x080004f0   0x080004f0   0x00000010   Code   RO         2607    i.HAL_IncTick       stm32f1xx_hal.o
    0x08000500   0x08000500   0x00000024   Code   RO         2608    i.HAL_Init          stm32f1xx_hal.o
    0x08000524   0x08000524   0x00000040   Code   RO         2609    i.HAL_InitTick      stm32f1xx_hal.o
    0x08000564   0x08000564   0x0000003c   Code   RO          860    i.HAL_MspInit       stm32f1xx_hal_msp.o
    0x080005a0   0x080005a0   0x00000016   Code   RO         3055    i.HAL_NVIC_EnableIRQ  stm32f1xx_hal_cortex.o
    0x080005b6   0x080005b6   0x00000002   PAD
    0x080005b8   0x080005b8   0x00000040   Code   RO         3061    i.HAL_NVIC_SetPriority  stm32f1xx_hal_cortex.o
    0x080005f8   0x080005f8   0x00000024   Code   RO         3062    i.HAL_NVIC_SetPriorityGrouping  stm32f1xx_hal_cortex.o
    0x0800061c   0x0800061c   0x00000034   Code   RO         1159    i.HAL_PCDEx_PMAConfig  stm32f1xx_hal_pcd_ex.o
    0x08000650   0x08000650   0x00000002   Code   RO          435    i.HAL_PCDEx_SetConnectionState  usbd_conf.o
    0x08000652   0x08000652   0x0000000e   Code   RO          437    i.HAL_PCD_DataInStageCallback  usbd_conf.o
    0x08000660   0x08000660   0x00000010   Code   RO          438    i.HAL_PCD_DataOutStageCallback  usbd_conf.o
    0x08000670   0x08000670   0x00000040   Code   RO          953    i.HAL_PCD_EP_Close  stm32f1xx_hal_pcd.o
    0x080006b0   0x080006b0   0x00000048   Code   RO          954    i.HAL_PCD_EP_ClrStall  stm32f1xx_hal_pcd.o
    0x080006f8   0x080006f8   0x00000010   Code   RO          956    i.HAL_PCD_EP_GetRxCount  stm32f1xx_hal_pcd.o
    0x08000708   0x08000708   0x00000044   Code   RO          957    i.HAL_PCD_EP_Open   stm32f1xx_hal_pcd.o
    0x0800074c   0x0800074c   0x0000002e   Code   RO          958    i.HAL_PCD_EP_Receive  stm32f1xx_hal_pcd.o
    0x0800077a   0x0800077a   0x00000056   Code   RO          959    i.HAL_PCD_EP_SetStall  stm32f1xx_hal_pcd.o
    0x080007d0   0x080007d0   0x0000002a   Code   RO          960    i.HAL_PCD_EP_Transmit  stm32f1xx_hal_pcd.o
    0x080007fa   0x080007fa   0x0000010c   Code   RO          962    i.HAL_PCD_IRQHandler  stm32f1xx_hal_pcd.o
    0x08000906   0x08000906   0x00000002   PAD
    0x08000908   0x08000908   0x000000c0   Code   RO          965    i.HAL_PCD_Init      stm32f1xx_hal_pcd.o
    0x080009c8   0x080009c8   0x0000003c   Code   RO          443    i.HAL_PCD_MspInit   usbd_conf.o
    0x08000a04   0x08000a04   0x00000026   Code   RO          444    i.HAL_PCD_ResetCallback  usbd_conf.o
    0x08000a2a   0x08000a2a   0x00000008   Code   RO          445    i.HAL_PCD_ResumeCallback  usbd_conf.o
    0x08000a32   0x08000a32   0x00000008   Code   RO          446    i.HAL_PCD_SOFCallback  usbd_conf.o
    0x08000a3a   0x08000a3a   0x00000028   Code   RO          971    i.HAL_PCD_SetAddress  stm32f1xx_hal_pcd.o
    0x08000a62   0x08000a62   0x0000000e   Code   RO          447    i.HAL_PCD_SetupStageCallback  usbd_conf.o
    0x08000a70   0x08000a70   0x00000032   Code   RO          973    i.HAL_PCD_Start     stm32f1xx_hal_pcd.o
    0x08000aa2   0x08000aa2   0x00000002   PAD
    0x08000aa4   0x08000aa4   0x00000024   Code   RO          448    i.HAL_PCD_SuspendCallback  usbd_conf.o
    0x08000ac8   0x08000ac8   0x000000ec   Code   RO         2858    i.HAL_RCCEx_PeriphCLKConfig  stm32f1xx_hal_rcc_ex.o
    0x08000bb4   0x08000bb4   0x0000016c   Code   RO         2755    i.HAL_RCC_ClockConfig  stm32f1xx_hal_rcc.o
    0x08000d20   0x08000d20   0x0000006c   Code   RO         2764    i.HAL_RCC_GetSysClockFreq  stm32f1xx_hal_rcc.o
    0x08000d8c   0x08000d8c   0x00000304   Code   RO         2767    i.HAL_RCC_OscConfig  stm32f1xx_hal_rcc.o
    0x08001090   0x08001090   0x00000082   Code   RO         1704    i.HAL_SPI_Init      stm32f1xx_hal_spi_ex.o
    0x08001112   0x08001112   0x00000002   PAD
    0x08001114   0x08001114   0x00000058   Code   RO          862    i.HAL_SPI_MspInit   stm32f1xx_hal_msp.o
    0x0800116c   0x0800116c   0x00000028   Code   RO         3066    i.HAL_SYSTICK_Config  stm32f1xx_hal_cortex.o
    0x08001194   0x08001194   0x00000002   Code   RO         2359    i.HAL_TIMEx_BreakCallback  stm32f1xx_hal_tim_ex.o
    0x08001196   0x08001196   0x00000002   Code   RO         2360    i.HAL_TIMEx_CommutationCallback  stm32f1xx_hal_tim_ex.o
    0x08001198   0x08001198   0x00000050   Code   RO         2376    i.HAL_TIMEx_MasterConfigSynchronization  stm32f1xx_hal_tim_ex.o
    0x080011e8   0x080011e8   0x00000036   Code   RO         1730    i.HAL_TIM_Base_Init  stm32f1xx_hal_tim.o
    0x0800121e   0x0800121e   0x00000002   PAD
    0x08001220   0x08001220   0x00000038   Code   RO          864    i.HAL_TIM_Base_MspInit  stm32f1xx_hal_msp.o
    0x08001258   0x08001258   0x00000018   Code   RO         1735    i.HAL_TIM_Base_Start_IT  stm32f1xx_hal_tim.o
    0x08001270   0x08001270   0x000000f2   Code   RO         1739    i.HAL_TIM_ConfigClockSource  stm32f1xx_hal_tim.o
    0x08001362   0x08001362   0x00000002   Code   RO         1759    i.HAL_TIM_IC_CaptureCallback  stm32f1xx_hal_tim.o
    0x08001364   0x08001364   0x00000166   Code   RO         1772    i.HAL_TIM_IRQHandler  stm32f1xx_hal_tim.o
    0x080014ca   0x080014ca   0x00000002   Code   RO         1775    i.HAL_TIM_OC_DelayElapsedCallback  stm32f1xx_hal_tim.o
    0x080014cc   0x080014cc   0x00000002   Code   RO         1802    i.HAL_TIM_PWM_PulseFinishedCallback  stm32f1xx_hal_tim.o
    0x080014ce   0x080014ce   0x00000002   PAD
    0x080014d0   0x080014d0   0x00000010   Code   RO          170    i.HAL_TIM_PeriodElapsedCallback  main.o
    0x080014e0   0x080014e0   0x00000002   Code   RO         1813    i.HAL_TIM_TriggerCallback  stm32f1xx_hal_tim.o
    0x080014e2   0x080014e2   0x00000002   Code   RO          774    i.HardFault_Handler  stm32f1xx_it.o
    0x080014e4   0x080014e4   0x0000000c   Code   RO           91    i.HemClearScreen    hemgfxwrapper.o
    0x080014f0   0x080014f0   0x0000000c   Code   RO           92    i.HemGetBuffer      hemgfxwrapper.o
    0x080014fc   0x080014fc   0x0000000c   Code   RO           95    i.HemSwitchBuff     hemgfxwrapper.o
    0x08001508   0x08001508   0x0000001c   Code   RO          171    i.HemWriteImage     main.o
    0x08001524   0x08001524   0x00000016   Code   RO           97    i.HemdrawImage      hemgfxwrapper.o
    0x0800153a   0x0800153a   0x00000002   PAD
    0x0800153c   0x0800153c   0x00000038   Code   RO          647    i.IntToUnicode      usbd_desc.o
    0x08001574   0x08001574   0x000000d0   Code   RO          172    i.MX_GPIO_Init      main.o
    0x08001644   0x08001644   0x00000034   Code   RO          173    i.MX_SPI2_Init      main.o
    0x08001678   0x08001678   0x00000050   Code   RO          174    i.MX_TIM2_Init      main.o
    0x080016c8   0x080016c8   0x00000054   Code   RO          387    i.MX_USB_DEVICE_Init  usb_device.o
    0x0800171c   0x0800171c   0x00000002   Code   RO          775    i.MemManage_Handler  stm32f1xx_it.o
    0x0800171e   0x0800171e   0x00000002   Code   RO          776    i.NMI_Handler       stm32f1xx_it.o
    0x08001720   0x08001720   0x00000020   Code   RO         3068    i.NVIC_SetPriority  stm32f1xx_hal_cortex.o
    0x08001740   0x08001740   0x00000362   Code   RO          976    i.PCD_EP_ISR_Handler  stm32f1xx_hal_pcd.o
    0x08001aa2   0x08001aa2   0x00000002   Code   RO          777    i.PendSV_Handler    stm32f1xx_it.o
    0x08001aa4   0x08001aa4   0x00000002   Code   RO          778    i.SVC_Handler       stm32f1xx_it.o
    0x08001aa6   0x08001aa6   0x00000002   PAD
    0x08001aa8   0x08001aa8   0x00000014   Code   RO          175    i.SwitchBuffer      main.o
    0x08001abc   0x08001abc   0x00000004   Code   RO          779    i.SysTick_Handler   stm32f1xx_it.o
    0x08001ac0   0x08001ac0   0x00000060   Code   RO          176    i.SystemClock_Config  main.o
    0x08001b20   0x08001b20   0x00000048   Code   RO         3484    i.SystemInit        system_stm32f1xx.o
    0x08001b68   0x08001b68   0x0000000c   Code   RO          780    i.TIM2_IRQHandler   stm32f1xx_it.o
    0x08001b74   0x08001b74   0x0000006c   Code   RO         1814    i.TIM_Base_SetConfig  stm32f1xx_hal_tim.o
    0x08001be0   0x08001be0   0x00000014   Code   RO         1821    i.TIM_ETR_SetConfig  stm32f1xx_hal_tim.o
    0x08001bf4   0x08001bf4   0x00000010   Code   RO         1822    i.TIM_ITRx_SetConfig  stm32f1xx_hal_tim.o
    0x08001c04   0x08001c04   0x00000022   Code   RO         1828    i.TIM_TI1_ConfigInputStage  stm32f1xx_hal_tim.o
    0x08001c26   0x08001c26   0x00000024   Code   RO         1830    i.TIM_TI2_ConfigInputStage  stm32f1xx_hal_tim.o
    0x08001c4a   0x08001c4a   0x00000014   Code   RO         3784    i.USBD_CDC_DataIn   usbd_cdc.o
    0x08001c5e   0x08001c5e   0x0000002e   Code   RO         3785    i.USBD_CDC_DataOut  usbd_cdc.o
    0x08001c8c   0x08001c8c   0x0000003c   Code   RO         3786    i.USBD_CDC_DeInit   usbd_cdc.o
    0x08001cc8   0x08001cc8   0x00000024   Code   RO         3787    i.USBD_CDC_EP0_RxReady  usbd_cdc.o
    0x08001cec   0x08001cec   0x0000000c   Code   RO         3788    i.USBD_CDC_GetDeviceQualifierDescriptor  usbd_cdc.o
    0x08001cf8   0x08001cf8   0x0000000c   Code   RO         3789    i.USBD_CDC_GetFSCfgDesc  usbd_cdc.o
    0x08001d04   0x08001d04   0x0000000c   Code   RO         3790    i.USBD_CDC_GetHSCfgDesc  usbd_cdc.o
    0x08001d10   0x08001d10   0x0000000c   Code   RO         3791    i.USBD_CDC_GetOtherSpeedCfgDesc  usbd_cdc.o
    0x08001d1c   0x08001d1c   0x00000088   Code   RO         3792    i.USBD_CDC_Init     usbd_cdc.o
    0x08001da4   0x08001da4   0x00000028   Code   RO         3793    i.USBD_CDC_ReceivePacket  usbd_cdc.o
    0x08001dcc   0x08001dcc   0x00000010   Code   RO         3794    i.USBD_CDC_RegisterInterface  usbd_cdc.o
    0x08001ddc   0x08001ddc   0x0000000c   Code   RO         3795    i.USBD_CDC_SetRxBuffer  usbd_cdc.o
    0x08001de8   0x08001de8   0x00000010   Code   RO         3796    i.USBD_CDC_SetTxBuffer  usbd_cdc.o
    0x08001df8   0x08001df8   0x00000070   Code   RO         3797    i.USBD_CDC_Setup    usbd_cdc.o
    0x08001e68   0x08001e68   0x0000000e   Code   RO         3521    i.USBD_ClrClassConfig  usbd_core.o
    0x08001e76   0x08001e76   0x00000010   Code   RO         3724    i.USBD_CtlContinueRx  usbd_ioreq.o
    0x08001e86   0x08001e86   0x00000010   Code   RO         3725    i.USBD_CtlContinueSendData  usbd_ioreq.o
    0x08001e96   0x08001e96   0x00000016   Code   RO         3659    i.USBD_CtlError     usbd_ctlreq.o
    0x08001eac   0x08001eac   0x0000001e   Code   RO         3726    i.USBD_CtlPrepareRx  usbd_ioreq.o
    0x08001eca   0x08001eca   0x00000016   Code   RO         3727    i.USBD_CtlReceiveStatus  usbd_ioreq.o
    0x08001ee0   0x08001ee0   0x0000001a   Code   RO         3728    i.USBD_CtlSendData  usbd_ioreq.o
    0x08001efa   0x08001efa   0x00000016   Code   RO         3729    i.USBD_CtlSendStatus  usbd_ioreq.o
    0x08001f10   0x08001f10   0x00000020   Code   RO          648    i.USBD_FS_ConfigStrDescriptor  usbd_desc.o
    0x08001f30   0x08001f30   0x0000000c   Code   RO          649    i.USBD_FS_DeviceDescriptor  usbd_desc.o
    0x08001f3c   0x08001f3c   0x00000024   Code   RO          650    i.USBD_FS_InterfaceStrDescriptor  usbd_desc.o
    0x08001f60   0x08001f60   0x0000000c   Code   RO          651    i.USBD_FS_LangIDStrDescriptor  usbd_desc.o
    0x08001f6c   0x08001f6c   0x00000028   Code   RO          652    i.USBD_FS_ManufacturerStrDescriptor  usbd_desc.o
    0x08001f94   0x08001f94   0x0000002c   Code   RO          653    i.USBD_FS_ProductStrDescriptor  usbd_desc.o
    0x08001fc0   0x08001fc0   0x00000038   Code   RO          654    i.USBD_FS_SerialStrDescriptor  usbd_desc.o
    0x08001ff8   0x08001ff8   0x000000e0   Code   RO         3660    i.USBD_GetDescriptor  usbd_ctlreq.o
    0x080020d8   0x080020d8   0x00000046   Code   RO         3661    i.USBD_GetString    usbd_ctlreq.o
    0x0800211e   0x0800211e   0x00000018   Code   RO          449    i.USBD_Get_USB_Status  usbd_conf.o
    0x08002136   0x08002136   0x0000002a   Code   RO         3523    i.USBD_Init         usbd_core.o
    0x08002160   0x08002160   0x00000012   Code   RO          450    i.USBD_LL_ClearStallEP  usbd_conf.o
    0x08002172   0x08002172   0x00000012   Code   RO          451    i.USBD_LL_CloseEP   usbd_conf.o
    0x08002184   0x08002184   0x000000aa   Code   RO         3524    i.USBD_LL_DataInStage  usbd_core.o
    0x0800222e   0x0800222e   0x0000006a   Code   RO         3525    i.USBD_LL_DataOutStage  usbd_core.o
    0x08002298   0x08002298   0x00000008   Code   RO          455    i.USBD_LL_GetRxDataSize  usbd_conf.o
    0x080022a0   0x080022a0   0x00000080   Code   RO          456    i.USBD_LL_Init      usbd_conf.o
    0x08002320   0x08002320   0x0000001c   Code   RO          457    i.USBD_LL_IsStallEP  usbd_conf.o
    0x0800233c   0x0800233c   0x00000018   Code   RO          458    i.USBD_LL_OpenEP    usbd_conf.o
    0x08002354   0x08002354   0x00000012   Code   RO          459    i.USBD_LL_PrepareReceive  usbd_conf.o
    0x08002366   0x08002366   0x0000003e   Code   RO         3530    i.USBD_LL_Reset     usbd_core.o
    0x080023a4   0x080023a4   0x0000000c   Code   RO         3531    i.USBD_LL_Resume    usbd_core.o
    0x080023b0   0x080023b0   0x00000018   Code   RO         3532    i.USBD_LL_SOF       usbd_core.o
    0x080023c8   0x080023c8   0x00000006   Code   RO         3533    i.USBD_LL_SetSpeed  usbd_core.o
    0x080023ce   0x080023ce   0x00000012   Code   RO          460    i.USBD_LL_SetUSBAddress  usbd_conf.o
    0x080023e0   0x080023e0   0x0000005a   Code   RO         3534    i.USBD_LL_SetupStage  usbd_core.o
    0x0800243a   0x0800243a   0x00000012   Code   RO          461    i.USBD_LL_StallEP   usbd_conf.o
    0x0800244c   0x0800244c   0x00000012   Code   RO          462    i.USBD_LL_Start     usbd_conf.o
    0x0800245e   0x0800245e   0x00000012   Code   RO         3535    i.USBD_LL_Suspend   usbd_core.o
    0x08002470   0x08002470   0x00000012   Code   RO          464    i.USBD_LL_Transmit  usbd_conf.o
    0x08002482   0x08002482   0x00000028   Code   RO         3662    i.USBD_ParseSetupRequest  usbd_ctlreq.o
    0x080024aa   0x080024aa   0x00000010   Code   RO         3536    i.USBD_RegisterClass  usbd_core.o
    0x080024ba   0x080024ba   0x00000016   Code   RO         3538    i.USBD_SetClassConfig  usbd_core.o
    0x080024d0   0x080024d0   0x00000074   Code   RO         3663    i.USBD_SetConfig    usbd_ctlreq.o
    0x08002544   0x08002544   0x0000000a   Code   RO         3539    i.USBD_Start        usbd_core.o
    0x0800254e   0x0800254e   0x000000f2   Code   RO         3664    i.USBD_StdDevReq    usbd_ctlreq.o
    0x08002640   0x08002640   0x000000dc   Code   RO         3665    i.USBD_StdEPReq     usbd_ctlreq.o
    0x0800271c   0x0800271c   0x00000034   Code   RO         3666    i.USBD_StdItfReq    usbd_ctlreq.o
    0x08002750   0x08002750   0x00000002   Code   RO          465    i.USBD_static_free  usbd_conf.o
    0x08002752   0x08002752   0x00000002   PAD
    0x08002754   0x08002754   0x00000008   Code   RO          466    i.USBD_static_malloc  usbd_conf.o
    0x0800275c   0x0800275c   0x0000025c   Code   RO         1189    i.USB_ActivateEndpoint  stm32f1xx_ll_usb.o
    0x080029b8   0x080029b8   0x00000004   Code   RO         1192    i.USB_CoreInit      stm32f1xx_ll_usb.o
    0x080029bc   0x080029bc   0x00000124   Code   RO         1194    i.USB_DeactivateEndpoint  stm32f1xx_ll_usb.o
    0x08002ae0   0x08002ae0   0x00000004   Code   RO         1195    i.USB_DevConnect    stm32f1xx_ll_usb.o
    0x08002ae4   0x08002ae4   0x00000004   Code   RO         1196    i.USB_DevDisconnect  stm32f1xx_ll_usb.o
    0x08002ae8   0x08002ae8   0x0000001e   Code   RO         1197    i.USB_DevInit       stm32f1xx_ll_usb.o
    0x08002b06   0x08002b06   0x0000000e   Code   RO         1198    i.USB_DisableGlobalInt  stm32f1xx_ll_usb.o
    0x08002b14   0x08002b14   0x00000004   Code   RO         1199    i.USB_EP0_OutStart  stm32f1xx_ll_usb.o
    0x08002b18   0x08002b18   0x0000006a   Code   RO         1200    i.USB_EPClearStall  stm32f1xx_ll_usb.o
    0x08002b82   0x08002b82   0x0000004a   Code   RO         1201    i.USB_EPSetStall    stm32f1xx_ll_usb.o
    0x08002bcc   0x08002bcc   0x000001aa   Code   RO         1202    i.USB_EPStartXfer   stm32f1xx_ll_usb.o
    0x08002d76   0x08002d76   0x0000000e   Code   RO         1203    i.USB_EnableGlobalInt  stm32f1xx_ll_usb.o
    0x08002d84   0x08002d84   0x0000000c   Code   RO          781    i.USB_LP_CAN1_RX0_IRQHandler  stm32f1xx_it.o
    0x08002d90   0x08002d90   0x00000006   Code   RO         1210    i.USB_ReadInterrupts  stm32f1xx_ll_usb.o
    0x08002d96   0x08002d96   0x00000002   PAD
    0x08002d98   0x08002d98   0x0000001e   Code   RO         1211    i.USB_ReadPMA       stm32f1xx_ll_usb.o
    0x08002db6   0x08002db6   0x00000004   Code   RO         1213    i.USB_SetCurrentMode  stm32f1xx_ll_usb.o
    0x08002dba   0x08002dba   0x0000000c   Code   RO         1214    i.USB_SetDevAddress  stm32f1xx_ll_usb.o
    0x08002dc6   0x08002dc6   0x00000026   Code   RO         1216    i.USB_WritePMA      stm32f1xx_ll_usb.o
    0x08002dec   0x08002dec   0x00000002   Code   RO          782    i.UsageFault_Handler  stm32f1xx_it.o
    0x08002dee   0x08002dee   0x00000002   PAD
    0x08002df0   0x08002df0   0x000000f4   Code   RO          177    i.WritePin1         main.o
    0x08002ee4   0x08002ee4   0x00000052   Code   RO           11    i._ZN6HemGfx10switchBuffEb  hemgfx.o
    0x08002f36   0x08002f36   0x0000002e   Code   RO           13    i._ZN6HemGfx11clearScreenEv  hemgfx.o
    0x08002f64   0x08002f64   0x00000014   Code   RO           16    i._ZN6HemGfx8setPixelEhht  hemgfx.o
    0x08002f78   0x08002f78   0x0000006c   Code   RO           17    i._ZN6HemGfx9drawImageEPtttss  hemgfx.o
    0x08002fe4   0x08002fe4   0x00000012   Code   RO           18    i._ZN6HemGfx9getBufferEv  hemgfx.o
    0x08002ff6   0x08002ff6   0x00000040   Code   RO           19    i._ZN6HemGfxC1EhhPtS0_  hemgfx.o
    0x08003036   0x08003036   0x00000002   PAD
    0x08003038   0x08003038   0x00000028   Code   RO         3890    i._Znwj             cpprt_w.l(new.o)
    0x08003060   0x08003060   0x0000000e   Code   RO         4167    i.__scatterload_copy  mc_w.l(handlers.o)
    0x0800306e   0x0800306e   0x00000002   Code   RO         4168    i.__scatterload_null  mc_w.l(handlers.o)
    0x08003070   0x08003070   0x0000000e   Code   RO         4169    i.__scatterload_zeroinit  mc_w.l(handlers.o)
    0x0800307e   0x0800307e   0x00000002   PAD
    0x08003080   0x08003080   0x000000ac   Code   RO          178    i.main              main.o
    0x0800312c   0x0800312c   0x0000006c   Code   RO         3906    i.malloc            mc_w.l(malloc.o)
    0x08003198   0x08003198   0x00000030   Code   RO           99    i.newHemGfx         hemgfxwrapper.o
    0x080031c8   0x080031c8   0x000000f4   Code   RO          181    i.uploadMatrix3     main.o
    0x080032bc   0x080032bc   0x000003f4   Data   RO          186    .constdata          main.o
    0x080036b0   0x080036b0   0x00000010   Data   RO         3485    .constdata          system_stm32f1xx.o
    0x080036c0   0x080036c0   0x00000020   Data   RO         4165    Region$$Table       anon$$obj.o


    Execution Region RW_IRAM1 (Exec base: 0x20000000, Load base: 0x080036e0, Size: 0x000022b8, Max: 0x00005000, ABSOLUTE, COMPRESSED[0x000000c8])

    Exec Addr    Load Addr    Size         Type   Attr      Idx    E Section Name        Object

    0x20000000   COMPRESSED   0x00000010   Data   RW          190    .data               main.o
    0x20000010   COMPRESSED   0x0000001c   Data   RW          656    .data               usbd_desc.o
    0x2000002c   COMPRESSED   0x00000032   Data   RW          657    .data               usbd_desc.o
    0x2000005e   COMPRESSED   0x00000002   PAD
    0x20000060   COMPRESSED   0x00000010   Data   RW          726    .data               usbd_cdc_if.o
    0x20000070   COMPRESSED   0x0000000c   Data   RW         2615    .data               stm32f1xx_hal.o
    0x2000007c   COMPRESSED   0x00000004   Data   RW         3487    .data               system_stm32f1xx.o
    0x20000080   COMPRESSED   0x00000001   Data   RW         3667    .data               usbd_ctlreq.o
    0x20000081   COMPRESSED   0x00000003   PAD
    0x20000084   COMPRESSED   0x000000db   Data   RW         3799    .data               usbd_cdc.o
    0x2000015f   COMPRESSED   0x00000001   PAD
    0x20000160   COMPRESSED   0x00000038   Data   RW         3800    .data               usbd_cdc.o
    0x20000198   COMPRESSED   0x00000004   Data   RW         3990    .data               mc_w.l(mvars.o)
    0x2000019c   COMPRESSED   0x00000004   Data   RW         3991    .data               mc_w.l(mvars.o)
    0x200001a0   COMPRESSED   0x0000000c   Data   RW         3994    .data               mc_w.l(cpp_memory.o)
    0x200001ac        -       0x00000898   Zero   RW          182    .bss                main.o
    0x20000a44        -       0x00000224   Zero   RW          388    .bss                usb_device.o
    0x20000c68        -       0x00000680   Zero   RW          467    .bss                usbd_conf.o
    0x200012e8        -       0x00000200   Zero   RW          655    .bss                usbd_desc.o
    0x200014e8        -       0x000007d0   Zero   RW          725    .bss                usbd_cdc_if.o
    0x20001cb8        -       0x00000200   Zero   RW            2    HEAP                startup_stm32f103xb.o
    0x20001eb8        -       0x00000400   Zero   RW            1    STACK               startup_stm32f103xb.o


==============================================================================

Image component sizes


      Code (inc. data)   RO Data    RW Data    ZI Data      Debug   Object Name

       338          0          0          0          0       9028   hemgfx.o
       106          0          0          0          0       3499   hemgfxwrapper.o
      1162         96       1012         16       2200     451566   main.o
        36          8        236          0       1536        796   startup_stm32f103xb.o
       164         28          0         12          0       5841   stm32f1xx_hal.o
       194         14          0          0          0      25727   stm32f1xx_hal_cortex.o
       462         36          0          0          0       3429   stm32f1xx_hal_gpio.o
       204         28          0          0          0       2071   stm32f1xx_hal_msp.o
      1810          0          0          0          0       9933   stm32f1xx_hal_pcd.o
        52          0          0          0          0       1158   stm32f1xx_hal_pcd_ex.o
      1244         74          0          0          0       4070   stm32f1xx_hal_rcc.o
       236         12          0          0          0       1376   stm32f1xx_hal_rcc_ex.o
       130          0          0          0          0       1051   stm32f1xx_hal_spi_ex.o
       900         14          0          0          0       9327   stm32f1xx_hal_tim.o
        84          0          0          0          0       2302   stm32f1xx_hal_tim_ex.o
        44         12          0          0          0       4573   stm32f1xx_it.o
      1666          0          0          0          0      12503   stm32f1xx_ll_usb.o
        72         16         16          4          0       1139   system_stm32f1xx.o
        84         18          0          0        548       2419   usb_device.o
       542         22          0        275          0      11796   usbd_cdc.o
        68         16          0         16       2000       2482   usbd_cdc_if.o
       544         30          0          0       1664      13261   usbd_conf.o
       592          0          0          0          0       9056   usbd_core.o
       986         30          0          1          0       7676   usbd_ctlreq.o
       288        104          0         78        512       5585   usbd_desc.o
       132          0          0          0          0       4276   usbd_ioreq.o

    ----------------------------------------------------------------------
     12166        558       1296        408       8460     605940   Object Totals
         0          0         32          0          0          0   (incl. Generated)
        26          0          0          6          0          0   (incl. Padding)

    ----------------------------------------------------------------------

      Code (inc. data)   RO Data    RW Data    ZI Data      Debug   Library Member Name

        80         12          0          0          0        104   arm_exceptions_globs.o
        60          0          0          0          0        108   arm_exceptions_mem.o
        26          0          0          0          0         76   arm_exceptions_terminate.o
         4          0          0          0          0         68   arm_newhandler_noexceptions.o
        40          6          0          0          0         76   new.o
        86          0          0          0          0          0   __dczerorl2.o
        20          4          0         12          0        136   cpp_memory.o
         0          0          0          0          0          0   entry.o
         0          0          0          0          0          0   entry10a.o
         0          0          0          0          0          0   entry11a.o
         8          4          0          0          0          0   entry2.o
         4          0          0          0          0          0   entry5.o
         0          0          0          0          0          0   entry7b.o
         0          0          0          0          0          0   entry8b.o
         8          4          0          0          0          0   entry9a.o
        30          0          0          0          0          0   handlers.o
        36          8          0          0          0         68   init.o
       108         16          0          0          0         84   malloc.o
        36          0          0          0          0         68   memcpya.o
        36          0          0          0          0        108   memseta.o
         0          0          0          8          0          0   mvars.o

    ----------------------------------------------------------------------
       586         54          0         20          0        896   Library Totals
         4          0          0          0          0          0   (incl. Padding)

    ----------------------------------------------------------------------

      Code (inc. data)   RO Data    RW Data    ZI Data      Debug   Library Name

       210         18          0          0          0        432   cpprt_w.l
       372         36          0         20          0        464   mc_w.l

    ----------------------------------------------------------------------
       586         54          0         20          0        896   Library Totals

    ----------------------------------------------------------------------

==============================================================================


      Code (inc. data)   RO Data    RW Data    ZI Data      Debug   

     12752        612       1296        428       8460     597656   Grand Totals
     12752        612       1296        200       8460     597656   ELF Image Totals (compressed)
     12752        612       1296        200          0          0   ROM Totals

==============================================================================

    Total RO  Size (Code + RO Data)                14048 (  13.72kB)
    Total RW  Size (RW Data + ZI Data)              8888 (   8.68kB)
    Total ROM Size (Code + RO Data + RW Data)      14248 (  13.91kB)

==============================================================================

